
=============================================================
   text	   data	    bss	    dec	    hex	filename
   1489	      0	      4	   1493	    5d5	/home/leviton/lev-matter-ds2-v1.2/lev-matter/lev-matter-realtek/project/realtek_amebaD_va0_example/GCC-RELEASE/project_hp/asdk/../../../../../component/common/bluetooth/realtek/sdk/board/common/os/freertos/osif_freertos.o
     28	      0	      0	     28	     1c	/home/leviton/lev-matter-ds2-v1.2/lev-matter/lev-matter-realtek/project/realtek_amebaD_va0_example/GCC-RELEASE/project_hp/asdk/../../../../../component/common/bluetooth/realtek/sdk/board/amebad/src/platform_utils.o
    508	      0	      8	    516	    204	/home/leviton/lev-matter-ds2-v1.2/lev-matter/lev-matter-realtek/project/realtek_amebaD_va0_example/GCC-RELEASE/project_hp/asdk/../../../../../component/common/bluetooth/realtek/sdk/board/common/src/cycle_queue.o
    682	      0	     17	    699	    2bb	/home/leviton/lev-matter-ds2-v1.2/lev-matter/lev-matter-realtek/project/realtek_amebaD_va0_example/GCC-RELEASE/project_hp/asdk/../../../../../component/common/bluetooth/realtek/sdk/board/common/src/trace_task.o
   3507	     86	     24	   3617	    e21	/home/leviton/lev-matter-ds2-v1.2/lev-matter/lev-matter-realtek/project/realtek_amebaD_va0_example/GCC-RELEASE/project_hp/asdk/../../../../../component/common/bluetooth/realtek/sdk/board/common/src/hci_process.o
    983	      4	     10	    997	    3e5	/home/leviton/lev-matter-ds2-v1.2/lev-matter/lev-matter-realtek/project/realtek_amebaD_va0_example/GCC-RELEASE/project_hp/asdk/../../../../../component/common/bluetooth/realtek/sdk/board/common/src/hci_adapter.o
    574	      0	     10	    584	    248	/home/leviton/lev-matter-ds2-v1.2/lev-matter/lev-matter-realtek/project/realtek_amebaD_va0_example/GCC-RELEASE/project_hp/asdk/../../../../../component/common/bluetooth/realtek/sdk/board/common/src/bt_uart_bridge.o
    692	      0	    100	    792	    318	/home/leviton/lev-matter-ds2-v1.2/lev-matter/lev-matter-realtek/project/realtek_amebaD_va0_example/GCC-RELEASE/project_hp/asdk/../../../../../component/common/bluetooth/realtek/sdk/board/amebad/src/trace_uart.o
    144	      0	      0	    144	     90	/home/leviton/lev-matter-ds2-v1.2/lev-matter/lev-matter-realtek/project/realtek_amebaD_va0_example/GCC-RELEASE/project_hp/asdk/../../../../../component/common/bluetooth/realtek/sdk/board/amebad/src/rtk_coex.o
    428	      0	      4	    432	    1b0	/home/leviton/lev-matter-ds2-v1.2/lev-matter/lev-matter-realtek/project/realtek_amebaD_va0_example/GCC-RELEASE/project_hp/asdk/../../../../../component/common/bluetooth/realtek/sdk/board/amebad/src/vendor_cmd/vendor_cmd.o
   2384	      0	      4	   2388	    954	/home/leviton/lev-matter-ds2-v1.2/lev-matter/lev-matter-realtek/project/realtek_amebaD_va0_example/GCC-RELEASE/project_hp/asdk/../../../../../component/common/bluetooth/realtek/sdk/board/amebad/src/hci/hci_uart.o
   6872	     54	     71	   6997	   1b55	/home/leviton/lev-matter-ds2-v1.2/lev-matter/lev-matter-realtek/project/realtek_amebaD_va0_example/GCC-RELEASE/project_hp/asdk/../../../../../component/common/bluetooth/realtek/sdk/board/amebad/src/hci/hci_board.o
     16	     15	      0	     31	     1f	/home/leviton/lev-matter-ds2-v1.2/lev-matter/lev-matter-realtek/project/realtek_amebaD_va0_example/GCC-RELEASE/project_hp/asdk/../../../../../component/common/bluetooth/realtek/sdk/board/amebad/src/hci/bt_fwconfig.o
  12144	      4	      0	  12148	   2f74	/home/leviton/lev-matter-ds2-v1.2/lev-matter/lev-matter-realtek/project/realtek_amebaD_va0_example/GCC-RELEASE/project_hp/asdk/../../../../../component/common/bluetooth/realtek/sdk/board/amebad/src/hci/bt_normal_patch.o
  12256	      4	      0	  12260	   2fe4	/home/leviton/lev-matter-ds2-v1.2/lev-matter/lev-matter-realtek/project/realtek_amebaD_va0_example/GCC-RELEASE/project_hp/asdk/../../../../../component/common/bluetooth/realtek/sdk/board/amebad/src/hci/bt_mp_patch.o
      0	      0	      0	      0	      0	/home/leviton/lev-matter-ds2-v1.2/lev-matter/lev-matter-realtek/project/realtek_amebaD_va0_example/GCC-RELEASE/project_hp/asdk/../../../../../component/common/bluetooth/realtek/sdk/bt_example_entry.o
    761	      0	      5	    766	    2fe	/home/leviton/lev-matter-ds2-v1.2/lev-matter/lev-matter-realtek/project/realtek_amebaD_va0_example/GCC-RELEASE/project_hp/asdk/../../../../../component/common/bluetooth/realtek/sdk/example/bt_mesh/lib/cmd/mesh_data_uart.o
   1736	      0	      4	   1740	    6cc	/home/leviton/lev-matter-ds2-v1.2/lev-matter/lev-matter-realtek/project/realtek_amebaD_va0_example/GCC-RELEASE/project_hp/asdk/../../../../../component/common/bluetooth/realtek/sdk/example/bt_mesh/lib/cmd/mesh_user_cmd_parse.o
     16	      0	      0	     16	     10	/home/leviton/lev-matter-ds2-v1.2/lev-matter/lev-matter-realtek/project/realtek_amebaD_va0_example/GCC-RELEASE/project_hp/asdk/../../../../../component/common/bluetooth/realtek/sdk/example/bt_mesh/lib/profile/datatrans_service.o
   2517	      2	     17	   2536	    9e8	/home/leviton/lev-matter-ds2-v1.2/lev-matter/lev-matter-realtek/project/realtek_amebaD_va0_example/GCC-RELEASE/project_hp/asdk/../../../../../component/common/bluetooth/realtek/sdk/example/bt_mesh/lib/profile/datatrans_client.o
   5863	      0	     46	   5909	   1715	/home/leviton/lev-matter-ds2-v1.2/lev-matter/lev-matter-realtek/project/realtek_amebaD_va0_example/GCC-RELEASE/project_hp/asdk/../../../../../component/common/bluetooth/realtek/sdk/example/bt_mesh/lib/model/configuration_client.o
      0	      0	      0	      0	      0	/home/leviton/lev-matter-ds2-v1.2/lev-matter/lev-matter-realtek/project/realtek_amebaD_va0_example/GCC-RELEASE/project_hp/asdk/../../../../../component/common/bluetooth/realtek/sdk/example/bt_mesh/lib/model/blob_transfer_client.o
      0	      0	      0	      0	      0	/home/leviton/lev-matter-ds2-v1.2/lev-matter/lev-matter-realtek/project/realtek_amebaD_va0_example/GCC-RELEASE/project_hp/asdk/../../../../../component/common/bluetooth/realtek/sdk/example/bt_mesh/lib/model/firmware_distribution_client.o
      0	      0	      0	      0	      0	/home/leviton/lev-matter-ds2-v1.2/lev-matter/lev-matter-realtek/project/realtek_amebaD_va0_example/GCC-RELEASE/project_hp/asdk/../../../../../component/common/bluetooth/realtek/sdk/example/bt_mesh/lib/model/firmware_update_client.o
      0	      0	      0	      0	      0	/home/leviton/lev-matter-ds2-v1.2/lev-matter/lev-matter-realtek/project/realtek_amebaD_va0_example/GCC-RELEASE/project_hp/asdk/../../../../../component/common/bluetooth/realtek/sdk/example/bt_mesh/lib/model/private_beacon_client.o
    625	      0	      0	    625	    271	/home/leviton/lev-matter-ds2-v1.2/lev-matter/lev-matter-realtek/project/realtek_amebaD_va0_example/GCC-RELEASE/project_hp/asdk/../../../../../component/common/bluetooth/realtek/sdk/example/bt_mesh/lib/model/health_client.o
   1149	      0	     52	   1201	    4b1	/home/leviton/lev-matter-ds2-v1.2/lev-matter/lev-matter-realtek/project/realtek_amebaD_va0_example/GCC-RELEASE/project_hp/asdk/../../../../../component/common/bluetooth/realtek/sdk/example/bt_mesh/lib/model/realtek/ping_control.o
    484	      0	     68	    552	    228	/home/leviton/lev-matter-ds2-v1.2/lev-matter/lev-matter-realtek/project/realtek_amebaD_va0_example/GCC-RELEASE/project_hp/asdk/../../../../../component/common/bluetooth/realtek/sdk/example/bt_mesh/lib/model/realtek/tp_control.o
    160	      0	      0	    160	     a0	/home/leviton/lev-matter-ds2-v1.2/lev-matter/lev-matter-realtek/project/realtek_amebaD_va0_example/GCC-RELEASE/project_hp/asdk/../../../../../component/common/bluetooth/realtek/sdk/example/bt_mesh/lib/model/realtek/light_cwrgb_client.o
    901	      0	      0	    901	    385	/home/leviton/lev-matter-ds2-v1.2/lev-matter/lev-matter-realtek/project/realtek_amebaD_va0_example/GCC-RELEASE/project_hp/asdk/../../../../../component/common/bluetooth/realtek/sdk/example/bt_mesh/lib/model/realtek/datatrans_model.o
    387	      0	      0	    387	    183	/home/leviton/lev-matter-ds2-v1.2/lev-matter/lev-matter-realtek/project/realtek_amebaD_va0_example/GCC-RELEASE/project_hp/asdk/../../../../../component/common/bluetooth/realtek/sdk/example/bt_mesh/lib/model/generic_on_off_client.o
    336	      0	      0	    336	    150	/home/leviton/lev-matter-ds2-v1.2/lev-matter/lev-matter-realtek/project/realtek_amebaD_va0_example/GCC-RELEASE/project_hp/asdk/../../../../../component/common/bluetooth/realtek/sdk/example/bt_mesh/lib/model/generic_default_transition_time_client.o
    608	      0	      0	    608	    260	/home/leviton/lev-matter-ds2-v1.2/lev-matter/lev-matter-realtek/project/realtek_amebaD_va0_example/GCC-RELEASE/project_hp/asdk/../../../../../component/common/bluetooth/realtek/sdk/example/bt_mesh/lib/model/generic_level_client.o
    569	      0	      0	    569	    239	/home/leviton/lev-matter-ds2-v1.2/lev-matter/lev-matter-realtek/project/realtek_amebaD_va0_example/GCC-RELEASE/project_hp/asdk/../../../../../component/common/bluetooth/realtek/sdk/example/bt_mesh/lib/model/generic_location_client.o
    339	      0	      0	    339	    153	/home/leviton/lev-matter-ds2-v1.2/lev-matter/lev-matter-realtek/project/realtek_amebaD_va0_example/GCC-RELEASE/project_hp/asdk/../../../../../component/common/bluetooth/realtek/sdk/example/bt_mesh/lib/model/generic_power_on_off_client.o
   1114	      0	      0	   1114	    45a	/home/leviton/lev-matter-ds2-v1.2/lev-matter/lev-matter-realtek/project/realtek_amebaD_va0_example/GCC-RELEASE/project_hp/asdk/../../../../../component/common/bluetooth/realtek/sdk/example/bt_mesh/lib/model/generic_property_client.o
    882	      0	      0	    882	    372	/home/leviton/lev-matter-ds2-v1.2/lev-matter/lev-matter-realtek/project/realtek_amebaD_va0_example/GCC-RELEASE/project_hp/asdk/../../../../../component/common/bluetooth/realtek/sdk/example/bt_mesh/lib/model/light_lightness_client.o
    812	      0	      0	    812	    32c	/home/leviton/lev-matter-ds2-v1.2/lev-matter/lev-matter-realtek/project/realtek_amebaD_va0_example/GCC-RELEASE/project_hp/asdk/../../../../../component/common/bluetooth/realtek/sdk/example/bt_mesh/lib/model/light_xyl_client.o
   1224	      0	      0	   1224	    4c8	/home/leviton/lev-matter-ds2-v1.2/lev-matter/lev-matter-realtek/project/realtek_amebaD_va0_example/GCC-RELEASE/project_hp/asdk/../../../../../component/common/bluetooth/realtek/sdk/example/bt_mesh/lib/model/light_hsl_client.o
    714	      0	      0	    714	    2ca	/home/leviton/lev-matter-ds2-v1.2/lev-matter/lev-matter-realtek/project/realtek_amebaD_va0_example/GCC-RELEASE/project_hp/asdk/../../../../../component/common/bluetooth/realtek/sdk/example/bt_mesh/lib/model/generic_power_level_client.o
    318	      0	      0	    318	    13e	/home/leviton/lev-matter-ds2-v1.2/lev-matter/lev-matter-realtek/project/realtek_amebaD_va0_example/GCC-RELEASE/project_hp/asdk/../../../../../component/common/bluetooth/realtek/sdk/example/bt_mesh/lib/model/generic_battery_client.o
    928	      0	      0	    928	    3a0	/home/leviton/lev-matter-ds2-v1.2/lev-matter/lev-matter-realtek/project/realtek_amebaD_va0_example/GCC-RELEASE/project_hp/asdk/../../../../../component/common/bluetooth/realtek/sdk/example/bt_mesh/lib/model/light_ctl_client.o
    817	      0	      0	    817	    331	/home/leviton/lev-matter-ds2-v1.2/lev-matter/lev-matter-realtek/project/realtek_amebaD_va0_example/GCC-RELEASE/project_hp/asdk/../../../../../component/common/bluetooth/realtek/sdk/example/bt_mesh/lib/model/light_lc_client.o
    761	      0	      0	    761	    2f9	/home/leviton/lev-matter-ds2-v1.2/lev-matter/lev-matter-realtek/project/realtek_amebaD_va0_example/GCC-RELEASE/project_hp/asdk/../../../../../component/common/bluetooth/realtek/sdk/example/bt_mesh/lib/model/time_client.o
    562	      0	      0	    562	    232	/home/leviton/lev-matter-ds2-v1.2/lev-matter/lev-matter-realtek/project/realtek_amebaD_va0_example/GCC-RELEASE/project_hp/asdk/../../../../../component/common/bluetooth/realtek/sdk/example/bt_mesh/lib/model/scene_client.o
   1501	      0	      0	   1501	    5dd	/home/leviton/lev-matter-ds2-v1.2/lev-matter/lev-matter-realtek/project/realtek_amebaD_va0_example/GCC-RELEASE/project_hp/asdk/../../../../../component/common/bluetooth/realtek/sdk/example/bt_mesh/lib/model/sensor_client.o
    450	      0	      0	    450	    1c2	/home/leviton/lev-matter-ds2-v1.2/lev-matter/lev-matter-realtek/project/realtek_amebaD_va0_example/GCC-RELEASE/project_hp/asdk/../../../../../component/common/bluetooth/realtek/sdk/example/bt_mesh/lib/model/scheduler_client.o
     86	      0	      0	     86	     56	/home/leviton/lev-matter-ds2-v1.2/lev-matter/lev-matter-realtek/project/realtek_amebaD_va0_example/GCC-RELEASE/project_hp/asdk/../../../../../component/common/bluetooth/realtek/sdk/example/bt_mesh/lib/model/delay_msg_rsp.o
    971	      0	     16	    987	    3db	/home/leviton/lev-matter-ds2-v1.2/lev-matter/lev-matter-realtek/project/realtek_amebaD_va0_example/GCC-RELEASE/project_hp/asdk/../../../../../component/common/bluetooth/realtek/sdk/example/bt_mesh_multiple_profile/provisioner_multiple_profile/bt_mesh_provisioner_multiple_profile_app_task.o
   5660	      4	     18	   5682	   1632	/home/leviton/lev-matter-ds2-v1.2/lev-matter/lev-matter-realtek/project/realtek_amebaD_va0_example/GCC-RELEASE/project_hp/asdk/../../../../../component/common/bluetooth/realtek/sdk/example/bt_mesh_multiple_profile/provisioner_multiple_profile/provisioner_multiple_profile_app.o
   5864	      0	    572	   6436	   1924	/home/leviton/lev-matter-ds2-v1.2/lev-matter/lev-matter-realtek/project/realtek_amebaD_va0_example/GCC-RELEASE/project_hp/asdk/../../../../../component/common/bluetooth/realtek/sdk/example/bt_mesh/lib/common/generic_client_app.o
   4410	      0	    264	   4674	   1242	/home/leviton/lev-matter-ds2-v1.2/lev-matter/lev-matter-realtek/project/realtek_amebaD_va0_example/GCC-RELEASE/project_hp/asdk/../../../../../component/common/bluetooth/realtek/sdk/example/bt_mesh/lib/common/light_client_app.o
      0	      0	      0	      0	      0	/home/leviton/lev-matter-ds2-v1.2/lev-matter/lev-matter-realtek/project/realtek_amebaD_va0_example/GCC-RELEASE/project_hp/asdk/../../../../../component/common/bluetooth/realtek/sdk/example/bt_mesh/lib/common/rmt_prov_client_app.o
    334	      0	     60	    394	    18a	/home/leviton/lev-matter-ds2-v1.2/lev-matter/lev-matter-realtek/project/realtek_amebaD_va0_example/GCC-RELEASE/project_hp/asdk/../../../../../component/common/bluetooth/realtek/sdk/example/bt_mesh/lib/common/datatrans_app.o
      0	      0	      0	      0	      0	/home/leviton/lev-matter-ds2-v1.2/lev-matter/lev-matter-realtek/project/realtek_amebaD_va0_example/GCC-RELEASE/project_hp/asdk/../../../../../component/common/bluetooth/realtek/sdk/example/bt_mesh/lib/common/customer_dfu_service.o
      0	      0	      0	      0	      0	/home/leviton/lev-matter-ds2-v1.2/lev-matter/lev-matter-realtek/project/realtek_amebaD_va0_example/GCC-RELEASE/project_hp/asdk/../../../../../component/common/bluetooth/realtek/sdk/example/bt_mesh/lib/common/dfudep_service.o
      0	      0	      0	      0	      0	/home/leviton/lev-matter-ds2-v1.2/lev-matter/lev-matter-realtek/project/realtek_amebaD_va0_example/GCC-RELEASE/project_hp/asdk/../../../../../component/common/bluetooth/realtek/sdk/example/bt_mesh/lib/common/dfu_distributor_app.o
   3807	      0	     48	   3855	    f0f	/home/leviton/lev-matter-ds2-v1.2/lev-matter/lev-matter-realtek/project/realtek_amebaD_va0_example/GCC-RELEASE/project_hp/asdk/../../../../../component/common/bluetooth/realtek/sdk/example/bt_mesh/lib/cmd/mesh_cmd.o
   5716	      0	     15	   5731	   1663	/home/leviton/lev-matter-ds2-v1.2/lev-matter/lev-matter-realtek/project/realtek_amebaD_va0_example/GCC-RELEASE/project_hp/asdk/../../../../../component/common/bluetooth/realtek/sdk/example/bt_mesh/lib/cmd/client_cmd.o
   1358	      0	      0	   1358	    54e	/home/leviton/lev-matter-ds2-v1.2/lev-matter/lev-matter-realtek/project/realtek_amebaD_va0_example/GCC-RELEASE/project_hp/asdk/../../../../../component/common/bluetooth/realtek/sdk/example/bt_mesh/lib/cmd/test_cmd.o
  21030	      0	      0	  21030	   5226	/home/leviton/lev-matter-ds2-v1.2/lev-matter/lev-matter-realtek/project/realtek_amebaD_va0_example/GCC-RELEASE/project_hp/asdk/../../../../../component/common/bluetooth/realtek/sdk/example/bt_mesh_multiple_profile/provisioner_multiple_profile/provisioner_multiple_profile_cmd.o
   1974	      2	      5	   1981	    7bd	/home/leviton/lev-matter-ds2-v1.2/lev-matter/lev-matter-realtek/project/realtek_amebaD_va0_example/GCC-RELEASE/project_hp/asdk/../../../../../component/common/bluetooth/realtek/sdk/example/bt_mesh_multiple_profile/provisioner_multiple_profile/bt_mesh_provisioner_multiple_profile_app_main.o
    428	      0	      4	    432	    1b0	/home/leviton/lev-matter-ds2-v1.2/lev-matter/lev-matter-realtek/project/realtek_amebaD_va0_example/GCC-RELEASE/project_hp/asdk/../../../../../component/common/bluetooth/realtek/sdk/board/amebad/src/vendor_cmd/vendor_cmd.o
   2093	      0	     16	   2109	    83d	/home/leviton/lev-matter-ds2-v1.2/lev-matter/lev-matter-realtek/project/realtek_amebaD_va0_example/GCC-RELEASE/project_hp/asdk/../../../../../component/common/bluetooth/realtek/sdk/example/bt_mesh/api/provisioner/bt_mesh_provisioner_api.o
  10937	      0	     44	  10981	   2ae5	/home/leviton/lev-matter-ds2-v1.2/lev-matter/lev-matter-realtek/project/realtek_amebaD_va0_example/GCC-RELEASE/project_hp/asdk/../../../../../component/common/bluetooth/realtek/sdk/example/bt_mesh/api/bt_mesh_user_api.o
    917	      0	      8	    925	    39d	/home/leviton/lev-matter-ds2-v1.2/lev-matter/lev-matter-realtek/project/realtek_amebaD_va0_example/GCC-RELEASE/project_hp/asdk/../../../../../component/common/bluetooth/realtek/sdk/example/bt_mesh/lib/model/generic_transition_time.o
    546	      0	     12	    558	    22e	/home/leviton/lev-matter-ds2-v1.2/lev-matter/lev-matter-realtek/project/realtek_amebaD_va0_example/GCC-RELEASE/project_hp/asdk/../../../../../component/common/bluetooth/realtek/sdk/example/bt_mesh/lib/common/ping_app.o
 135372	    175	   1526	 137073	  21771	(TOTALS)
=============================================================
   text	   data	    bss	    dec	    hex	filename
   1489	      0	      4	   1493	    5d5	/home/leviton/lev-matter-ds2-v1.2/lev-matter/lev-matter-realtek/project/realtek_amebaD_va0_example/GCC-RELEASE/project_hp/asdk/../../../../../component/common/bluetooth/realtek/sdk/board/common/os/freertos/osif_freertos.o
     28	      0	      0	     28	     1c	/home/leviton/lev-matter-ds2-v1.2/lev-matter/lev-matter-realtek/project/realtek_amebaD_va0_example/GCC-RELEASE/project_hp/asdk/../../../../../component/common/bluetooth/realtek/sdk/board/amebad/src/platform_utils.o
    508	      0	      8	    516	    204	/home/leviton/lev-matter-ds2-v1.2/lev-matter/lev-matter-realtek/project/realtek_amebaD_va0_example/GCC-RELEASE/project_hp/asdk/../../../../../component/common/bluetooth/realtek/sdk/board/common/src/cycle_queue.o
    682	      0	     17	    699	    2bb	/home/leviton/lev-matter-ds2-v1.2/lev-matter/lev-matter-realtek/project/realtek_amebaD_va0_example/GCC-RELEASE/project_hp/asdk/../../../../../component/common/bluetooth/realtek/sdk/board/common/src/trace_task.o
   3507	     86	     24	   3617	    e21	/home/leviton/lev-matter-ds2-v1.2/lev-matter/lev-matter-realtek/project/realtek_amebaD_va0_example/GCC-RELEASE/project_hp/asdk/../../../../../component/common/bluetooth/realtek/sdk/board/common/src/hci_process.o
    983	      4	     10	    997	    3e5	/home/leviton/lev-matter-ds2-v1.2/lev-matter/lev-matter-realtek/project/realtek_amebaD_va0_example/GCC-RELEASE/project_hp/asdk/../../../../../component/common/bluetooth/realtek/sdk/board/common/src/hci_adapter.o
    574	      0	     10	    584	    248	/home/leviton/lev-matter-ds2-v1.2/lev-matter/lev-matter-realtek/project/realtek_amebaD_va0_example/GCC-RELEASE/project_hp/asdk/../../../../../component/common/bluetooth/realtek/sdk/board/common/src/bt_uart_bridge.o
    692	      0	    100	    792	    318	/home/leviton/lev-matter-ds2-v1.2/lev-matter/lev-matter-realtek/project/realtek_amebaD_va0_example/GCC-RELEASE/project_hp/asdk/../../../../../component/common/bluetooth/realtek/sdk/board/amebad/src/trace_uart.o
    144	      0	      0	    144	     90	/home/leviton/lev-matter-ds2-v1.2/lev-matter/lev-matter-realtek/project/realtek_amebaD_va0_example/GCC-RELEASE/project_hp/asdk/../../../../../component/common/bluetooth/realtek/sdk/board/amebad/src/rtk_coex.o
    428	      0	      4	    432	    1b0	/home/leviton/lev-matter-ds2-v1.2/lev-matter/lev-matter-realtek/project/realtek_amebaD_va0_example/GCC-RELEASE/project_hp/asdk/../../../../../component/common/bluetooth/realtek/sdk/board/amebad/src/vendor_cmd/vendor_cmd.o
   2384	      0	      4	   2388	    954	/home/leviton/lev-matter-ds2-v1.2/lev-matter/lev-matter-realtek/project/realtek_amebaD_va0_example/GCC-RELEASE/project_hp/asdk/../../../../../component/common/bluetooth/realtek/sdk/board/amebad/src/hci/hci_uart.o
   6872	     54	     71	   6997	   1b55	/home/leviton/lev-matter-ds2-v1.2/lev-matter/lev-matter-realtek/project/realtek_amebaD_va0_example/GCC-RELEASE/project_hp/asdk/../../../../../component/common/bluetooth/realtek/sdk/board/amebad/src/hci/hci_board.o
     16	     15	      0	     31	     1f	/home/leviton/lev-matter-ds2-v1.2/lev-matter/lev-matter-realtek/project/realtek_amebaD_va0_example/GCC-RELEASE/project_hp/asdk/../../../../../component/common/bluetooth/realtek/sdk/board/amebad/src/hci/bt_fwconfig.o
  12144	      4	      0	  12148	   2f74	/home/leviton/lev-matter-ds2-v1.2/lev-matter/lev-matter-realtek/project/realtek_amebaD_va0_example/GCC-RELEASE/project_hp/asdk/../../../../../component/common/bluetooth/realtek/sdk/board/amebad/src/hci/bt_normal_patch.o
  12256	      4	      0	  12260	   2fe4	/home/leviton/lev-matter-ds2-v1.2/lev-matter/lev-matter-realtek/project/realtek_amebaD_va0_example/GCC-RELEASE/project_hp/asdk/../../../../../component/common/bluetooth/realtek/sdk/board/amebad/src/hci/bt_mp_patch.o
      0	      0	      0	      0	      0	/home/leviton/lev-matter-ds2-v1.2/lev-matter/lev-matter-realtek/project/realtek_amebaD_va0_example/GCC-RELEASE/project_hp/asdk/../../../../../component/common/bluetooth/realtek/sdk/bt_example_entry.o
    744	     25	    305	   1074	    432	/home/leviton/lev-matter-ds2-v1.2/lev-matter/lev-matter-realtek/project/realtek_amebaD_va0_example/GCC-RELEASE/project_hp/asdk/../../../../../component/common/bluetooth/realtek/sdk/src/ble/profile/server/simple_ble_service.o
    432	      0	      6	    438	    1b6	/home/leviton/lev-matter-ds2-v1.2/lev-matter/lev-matter-realtek/project/realtek_amebaD_va0_example/GCC-RELEASE/project_hp/asdk/../../../../../component/common/bluetooth/realtek/sdk/src/ble/profile/server/bas.o
      0	      0	      0	      0	      0	/home/leviton/lev-matter-ds2-v1.2/lev-matter/lev-matter-realtek/project/realtek_amebaD_va0_example/GCC-RELEASE/project_hp/asdk/../../../../../component/common/bluetooth/realtek/sdk/example/bt_config/bt_config_app_main.o
      0	      0	      0	      0	      0	/home/leviton/lev-matter-ds2-v1.2/lev-matter/lev-matter-realtek/project/realtek_amebaD_va0_example/GCC-RELEASE/project_hp/asdk/../../../../../component/common/bluetooth/realtek/sdk/example/bt_config/bt_config_app_task.o
      0	      0	      0	      0	      0	/home/leviton/lev-matter-ds2-v1.2/lev-matter/lev-matter-realtek/project/realtek_amebaD_va0_example/GCC-RELEASE/project_hp/asdk/../../../../../component/common/bluetooth/realtek/sdk/example/bt_config/bt_config_wifi.o
      0	      0	      0	      0	      0	/home/leviton/lev-matter-ds2-v1.2/lev-matter/lev-matter-realtek/project/realtek_amebaD_va0_example/GCC-RELEASE/project_hp/asdk/../../../../../component/common/bluetooth/realtek/sdk/example/bt_config/bt_config_peripheral_app.o
      0	      0	      0	      0	      0	/home/leviton/lev-matter-ds2-v1.2/lev-matter/lev-matter-realtek/project/realtek_amebaD_va0_example/GCC-RELEASE/project_hp/asdk/../../../../../component/common/bluetooth/realtek/sdk/example/bt_config/bt_config_service.o
  43883	    192	    563	  44638	   ae5e	(TOTALS)
=============================================================
   text	   data	    bss	    dec	    hex	filename
   1489	      0	      4	   1493	    5d5	/home/leviton/lev-matter-ds2-v1.2/lev-matter/lev-matter-realtek/project/realtek_amebaD_va0_example/GCC-RELEASE/project_hp/asdk/../../../../../component/common/bluetooth/realtek/sdk/board/common/os/freertos/osif_freertos.o
     28	      0	      0	     28	     1c	/home/leviton/lev-matter-ds2-v1.2/lev-matter/lev-matter-realtek/project/realtek_amebaD_va0_example/GCC-RELEASE/project_hp/asdk/../../../../../component/common/bluetooth/realtek/sdk/board/amebad/src/platform_utils.o
    508	      0	      8	    516	    204	/home/leviton/lev-matter-ds2-v1.2/lev-matter/lev-matter-realtek/project/realtek_amebaD_va0_example/GCC-RELEASE/project_hp/asdk/../../../../../component/common/bluetooth/realtek/sdk/board/common/src/cycle_queue.o
    682	      0	     17	    699	    2bb	/home/leviton/lev-matter-ds2-v1.2/lev-matter/lev-matter-realtek/project/realtek_amebaD_va0_example/GCC-RELEASE/project_hp/asdk/../../../../../component/common/bluetooth/realtek/sdk/board/common/src/trace_task.o
   3507	     86	     24	   3617	    e21	/home/leviton/lev-matter-ds2-v1.2/lev-matter/lev-matter-realtek/project/realtek_amebaD_va0_example/GCC-RELEASE/project_hp/asdk/../../../../../component/common/bluetooth/realtek/sdk/board/common/src/hci_process.o
    983	      4	     10	    997	    3e5	/home/leviton/lev-matter-ds2-v1.2/lev-matter/lev-matter-realtek/project/realtek_amebaD_va0_example/GCC-RELEASE/project_hp/asdk/../../../../../component/common/bluetooth/realtek/sdk/board/common/src/hci_adapter.o
    574	      0	     10	    584	    248	/home/leviton/lev-matter-ds2-v1.2/lev-matter/lev-matter-realtek/project/realtek_amebaD_va0_example/GCC-RELEASE/project_hp/asdk/../../../../../component/common/bluetooth/realtek/sdk/board/common/src/bt_uart_bridge.o
    692	      0	    100	    792	    318	/home/leviton/lev-matter-ds2-v1.2/lev-matter/lev-matter-realtek/project/realtek_amebaD_va0_example/GCC-RELEASE/project_hp/asdk/../../../../../component/common/bluetooth/realtek/sdk/board/amebad/src/trace_uart.o
    144	      0	      0	    144	     90	/home/leviton/lev-matter-ds2-v1.2/lev-matter/lev-matter-realtek/project/realtek_amebaD_va0_example/GCC-RELEASE/project_hp/asdk/../../../../../component/common/bluetooth/realtek/sdk/board/amebad/src/rtk_coex.o
    428	      0	      4	    432	    1b0	/home/leviton/lev-matter-ds2-v1.2/lev-matter/lev-matter-realtek/project/realtek_amebaD_va0_example/GCC-RELEASE/project_hp/asdk/../../../../../component/common/bluetooth/realtek/sdk/board/amebad/src/vendor_cmd/vendor_cmd.o
   2384	      0	      4	   2388	    954	/home/leviton/lev-matter-ds2-v1.2/lev-matter/lev-matter-realtek/project/realtek_amebaD_va0_example/GCC-RELEASE/project_hp/asdk/../../../../../component/common/bluetooth/realtek/sdk/board/amebad/src/hci/hci_uart.o
   6872	     54	     71	   6997	   1b55	/home/leviton/lev-matter-ds2-v1.2/lev-matter/lev-matter-realtek/project/realtek_amebaD_va0_example/GCC-RELEASE/project_hp/asdk/../../../../../component/common/bluetooth/realtek/sdk/board/amebad/src/hci/hci_board.o
     16	     15	      0	     31	     1f	/home/leviton/lev-matter-ds2-v1.2/lev-matter/lev-matter-realtek/project/realtek_amebaD_va0_example/GCC-RELEASE/project_hp/asdk/../../../../../component/common/bluetooth/realtek/sdk/board/amebad/src/hci/bt_fwconfig.o
  12144	      4	      0	  12148	   2f74	/home/leviton/lev-matter-ds2-v1.2/lev-matter/lev-matter-realtek/project/realtek_amebaD_va0_example/GCC-RELEASE/project_hp/asdk/../../../../../component/common/bluetooth/realtek/sdk/board/amebad/src/hci/bt_normal_patch.o
  12256	      4	      0	  12260	   2fe4	/home/leviton/lev-matter-ds2-v1.2/lev-matter/lev-matter-realtek/project/realtek_amebaD_va0_example/GCC-RELEASE/project_hp/asdk/../../../../../component/common/bluetooth/realtek/sdk/board/amebad/src/hci/bt_mp_patch.o
      0	      0	      0	      0	      0	/home/leviton/lev-matter-ds2-v1.2/lev-matter/lev-matter-realtek/project/realtek_amebaD_va0_example/GCC-RELEASE/project_hp/asdk/../../../../../component/common/bluetooth/realtek/sdk/bt_example_entry.o
    744	     25	    305	   1074	    432	/home/leviton/lev-matter-ds2-v1.2/lev-matter/lev-matter-realtek/project/realtek_amebaD_va0_example/GCC-RELEASE/project_hp/asdk/../../../../../component/common/bluetooth/realtek/sdk/src/ble/profile/server/simple_ble_service.o
    432	      0	      6	    438	    1b6	/home/leviton/lev-matter-ds2-v1.2/lev-matter/lev-matter-realtek/project/realtek_amebaD_va0_example/GCC-RELEASE/project_hp/asdk/../../../../../component/common/bluetooth/realtek/sdk/src/ble/profile/server/bas.o
    294	      0	     12	    306	    132	/home/leviton/lev-matter-ds2-v1.2/lev-matter/lev-matter-realtek/project/realtek_amebaD_va0_example/GCC-RELEASE/project_hp/asdk/../../../../../component/common/bluetooth/realtek/sdk/example/ble_peripheral/app_task.o
    911	      0	      0	    911	    38f	/home/leviton/lev-matter-ds2-v1.2/lev-matter/lev-matter-realtek/project/realtek_amebaD_va0_example/GCC-RELEASE/project_hp/asdk/../../../../../component/common/bluetooth/realtek/sdk/example/ble_peripheral/ble_app_main.o
   2231	      0	      4	   2235	    8bb	/home/leviton/lev-matter-ds2-v1.2/lev-matter/lev-matter-realtek/project/realtek_amebaD_va0_example/GCC-RELEASE/project_hp/asdk/../../../../../component/common/bluetooth/realtek/sdk/example/ble_peripheral/peripheral_app.o
   1825	      0	      0	   1825	    721	/home/leviton/lev-matter-ds2-v1.2/lev-matter/lev-matter-realtek/project/realtek_amebaD_va0_example/GCC-RELEASE/project_hp/asdk/../../../../../component/common/bluetooth/realtek/sdk/example/ble_peripheral/ble_peripheral_at_cmd.o
  49144	    192	    579	  49915	   c2fb	(TOTALS)
=============================================================
   text	   data	    bss	    dec	    hex	filename
   1489	      0	      4	   1493	    5d5	/home/leviton/lev-matter-ds2-v1.2/lev-matter/lev-matter-realtek/project/realtek_amebaD_va0_example/GCC-RELEASE/project_hp/asdk/../../../../../component/common/bluetooth/realtek/sdk/board/common/os/freertos/osif_freertos.o
     28	      0	      0	     28	     1c	/home/leviton/lev-matter-ds2-v1.2/lev-matter/lev-matter-realtek/project/realtek_amebaD_va0_example/GCC-RELEASE/project_hp/asdk/../../../../../component/common/bluetooth/realtek/sdk/board/amebad/src/platform_utils.o
    508	      0	      8	    516	    204	/home/leviton/lev-matter-ds2-v1.2/lev-matter/lev-matter-realtek/project/realtek_amebaD_va0_example/GCC-RELEASE/project_hp/asdk/../../../../../component/common/bluetooth/realtek/sdk/board/common/src/cycle_queue.o
    682	      0	     17	    699	    2bb	/home/leviton/lev-matter-ds2-v1.2/lev-matter/lev-matter-realtek/project/realtek_amebaD_va0_example/GCC-RELEASE/project_hp/asdk/../../../../../component/common/bluetooth/realtek/sdk/board/common/src/trace_task.o
   3507	     86	     24	   3617	    e21	/home/leviton/lev-matter-ds2-v1.2/lev-matter/lev-matter-realtek/project/realtek_amebaD_va0_example/GCC-RELEASE/project_hp/asdk/../../../../../component/common/bluetooth/realtek/sdk/board/common/src/hci_process.o
    983	      4	     10	    997	    3e5	/home/leviton/lev-matter-ds2-v1.2/lev-matter/lev-matter-realtek/project/realtek_amebaD_va0_example/GCC-RELEASE/project_hp/asdk/../../../../../component/common/bluetooth/realtek/sdk/board/common/src/hci_adapter.o
    574	      0	     10	    584	    248	/home/leviton/lev-matter-ds2-v1.2/lev-matter/lev-matter-realtek/project/realtek_amebaD_va0_example/GCC-RELEASE/project_hp/asdk/../../../../../component/common/bluetooth/realtek/sdk/board/common/src/bt_uart_bridge.o
    692	      0	    100	    792	    318	/home/leviton/lev-matter-ds2-v1.2/lev-matter/lev-matter-realtek/project/realtek_amebaD_va0_example/GCC-RELEASE/project_hp/asdk/../../../../../component/common/bluetooth/realtek/sdk/board/amebad/src/trace_uart.o
    144	      0	      0	    144	     90	/home/leviton/lev-matter-ds2-v1.2/lev-matter/lev-matter-realtek/project/realtek_amebaD_va0_example/GCC-RELEASE/project_hp/asdk/../../../../../component/common/bluetooth/realtek/sdk/board/amebad/src/rtk_coex.o
    428	      0	      4	    432	    1b0	/home/leviton/lev-matter-ds2-v1.2/lev-matter/lev-matter-realtek/project/realtek_amebaD_va0_example/GCC-RELEASE/project_hp/asdk/../../../../../component/common/bluetooth/realtek/sdk/board/amebad/src/vendor_cmd/vendor_cmd.o
   2384	      0	      4	   2388	    954	/home/leviton/lev-matter-ds2-v1.2/lev-matter/lev-matter-realtek/project/realtek_amebaD_va0_example/GCC-RELEASE/project_hp/asdk/../../../../../component/common/bluetooth/realtek/sdk/board/amebad/src/hci/hci_uart.o
   6872	     54	     71	   6997	   1b55	/home/leviton/lev-matter-ds2-v1.2/lev-matter/lev-matter-realtek/project/realtek_amebaD_va0_example/GCC-RELEASE/project_hp/asdk/../../../../../component/common/bluetooth/realtek/sdk/board/amebad/src/hci/hci_board.o
     16	     15	      0	     31	     1f	/home/leviton/lev-matter-ds2-v1.2/lev-matter/lev-matter-realtek/project/realtek_amebaD_va0_example/GCC-RELEASE/project_hp/asdk/../../../../../component/common/bluetooth/realtek/sdk/board/amebad/src/hci/bt_fwconfig.o
  12144	      4	      0	  12148	   2f74	/home/leviton/lev-matter-ds2-v1.2/lev-matter/lev-matter-realtek/project/realtek_amebaD_va0_example/GCC-RELEASE/project_hp/asdk/../../../../../component/common/bluetooth/realtek/sdk/board/amebad/src/hci/bt_normal_patch.o
  12256	      4	      0	  12260	   2fe4	/home/leviton/lev-matter-ds2-v1.2/lev-matter/lev-matter-realtek/project/realtek_amebaD_va0_example/GCC-RELEASE/project_hp/asdk/../../../../../component/common/bluetooth/realtek/sdk/board/amebad/src/hci/bt_mp_patch.o
      0	      0	      0	      0	      0	/home/leviton/lev-matter-ds2-v1.2/lev-matter/lev-matter-realtek/project/realtek_amebaD_va0_example/GCC-RELEASE/project_hp/asdk/../../../../../component/common/bluetooth/realtek/sdk/bt_example_entry.o
   1043	      1	     11	   1055	    41f	/home/leviton/lev-matter-ds2-v1.2/lev-matter/lev-matter-realtek/project/realtek_amebaD_va0_example/GCC-RELEASE/project_hp/asdk/../../../../../component/common/bluetooth/realtek/sdk/src/ble/profile/client/gcs_client.o
   2131	      0	      0	   2131	    853	/home/leviton/lev-matter-ds2-v1.2/lev-matter/lev-matter-realtek/project/realtek_amebaD_va0_example/GCC-RELEASE/project_hp/asdk/../../../../../component/common/bluetooth/realtek/sdk/src/mcu/module/data_uart_cmd/user_cmd_parse.o
    664	      0	     12	    676	    2a4	/home/leviton/lev-matter-ds2-v1.2/lev-matter/lev-matter-realtek/project/realtek_amebaD_va0_example/GCC-RELEASE/project_hp/asdk/../../../../../component/common/bluetooth/realtek/sdk/board/amebad/src/data_uart/data_uart.o
    875	      0	      0	    875	    36b	/home/leviton/lev-matter-ds2-v1.2/lev-matter/lev-matter-realtek/project/realtek_amebaD_va0_example/GCC-RELEASE/project_hp/asdk/../../../../../component/common/bluetooth/realtek/sdk/example/ble_central/ble_central_app_main.o
    334	      0	     12	    346	    15a	/home/leviton/lev-matter-ds2-v1.2/lev-matter/lev-matter-realtek/project/realtek_amebaD_va0_example/GCC-RELEASE/project_hp/asdk/../../../../../component/common/bluetooth/realtek/sdk/example/ble_central/ble_central_app_task.o
   6040	      0	      2	   6042	   179a	/home/leviton/lev-matter-ds2-v1.2/lev-matter/lev-matter-realtek/project/realtek_amebaD_va0_example/GCC-RELEASE/project_hp/asdk/../../../../../component/common/bluetooth/realtek/sdk/example/ble_central/ble_central_client_app.o
     30	      0	     24	     54	     36	/home/leviton/lev-matter-ds2-v1.2/lev-matter/lev-matter-realtek/project/realtek_amebaD_va0_example/GCC-RELEASE/project_hp/asdk/../../../../../component/common/bluetooth/realtek/sdk/example/ble_central/ble_central_link_mgr.o
      0	      0	      0	      0	      0	/home/leviton/lev-matter-ds2-v1.2/lev-matter/lev-matter-realtek/project/realtek_amebaD_va0_example/GCC-RELEASE/project_hp/asdk/../../../../../component/common/bluetooth/realtek/sdk/example/ble_central/user_cmd.o
   4037	      0	      1	   4038	    fc6	/home/leviton/lev-matter-ds2-v1.2/lev-matter/lev-matter-realtek/project/realtek_amebaD_va0_example/GCC-RELEASE/project_hp/asdk/../../../../../component/common/bluetooth/realtek/sdk/example/ble_central/ble_central_at_cmd.o
  57861	    168	    314	  58343	   e3e7	(TOTALS)
=============================================================
   text	   data	    bss	    dec	    hex	filename
   1489	      0	      4	   1493	    5d5	/home/leviton/lev-matter-ds2-v1.2/lev-matter/lev-matter-realtek/project/realtek_amebaD_va0_example/GCC-RELEASE/project_hp/asdk/../../../../../component/common/bluetooth/realtek/sdk/board/common/os/freertos/osif_freertos.o
     28	      0	      0	     28	     1c	/home/leviton/lev-matter-ds2-v1.2/lev-matter/lev-matter-realtek/project/realtek_amebaD_va0_example/GCC-RELEASE/project_hp/asdk/../../../../../component/common/bluetooth/realtek/sdk/board/amebad/src/platform_utils.o
    508	      0	      8	    516	    204	/home/leviton/lev-matter-ds2-v1.2/lev-matter/lev-matter-realtek/project/realtek_amebaD_va0_example/GCC-RELEASE/project_hp/asdk/../../../../../component/common/bluetooth/realtek/sdk/board/common/src/cycle_queue.o
    682	      0	     17	    699	    2bb	/home/leviton/lev-matter-ds2-v1.2/lev-matter/lev-matter-realtek/project/realtek_amebaD_va0_example/GCC-RELEASE/project_hp/asdk/../../../../../component/common/bluetooth/realtek/sdk/board/common/src/trace_task.o
   3507	     86	     24	   3617	    e21	/home/leviton/lev-matter-ds2-v1.2/lev-matter/lev-matter-realtek/project/realtek_amebaD_va0_example/GCC-RELEASE/project_hp/asdk/../../../../../component/common/bluetooth/realtek/sdk/board/common/src/hci_process.o
    983	      4	     10	    997	    3e5	/home/leviton/lev-matter-ds2-v1.2/lev-matter/lev-matter-realtek/project/realtek_amebaD_va0_example/GCC-RELEASE/project_hp/asdk/../../../../../component/common/bluetooth/realtek/sdk/board/common/src/hci_adapter.o
    574	      0	     10	    584	    248	/home/leviton/lev-matter-ds2-v1.2/lev-matter/lev-matter-realtek/project/realtek_amebaD_va0_example/GCC-RELEASE/project_hp/asdk/../../../../../component/common/bluetooth/realtek/sdk/board/common/src/bt_uart_bridge.o
    692	      0	    100	    792	    318	/home/leviton/lev-matter-ds2-v1.2/lev-matter/lev-matter-realtek/project/realtek_amebaD_va0_example/GCC-RELEASE/project_hp/asdk/../../../../../component/common/bluetooth/realtek/sdk/board/amebad/src/trace_uart.o
    144	      0	      0	    144	     90	/home/leviton/lev-matter-ds2-v1.2/lev-matter/lev-matter-realtek/project/realtek_amebaD_va0_example/GCC-RELEASE/project_hp/asdk/../../../../../component/common/bluetooth/realtek/sdk/board/amebad/src/rtk_coex.o
    428	      0	      4	    432	    1b0	/home/leviton/lev-matter-ds2-v1.2/lev-matter/lev-matter-realtek/project/realtek_amebaD_va0_example/GCC-RELEASE/project_hp/asdk/../../../../../component/common/bluetooth/realtek/sdk/board/amebad/src/vendor_cmd/vendor_cmd.o
   2384	      0	      4	   2388	    954	/home/leviton/lev-matter-ds2-v1.2/lev-matter/lev-matter-realtek/project/realtek_amebaD_va0_example/GCC-RELEASE/project_hp/asdk/../../../../../component/common/bluetooth/realtek/sdk/board/amebad/src/hci/hci_uart.o
   6872	     54	     71	   6997	   1b55	/home/leviton/lev-matter-ds2-v1.2/lev-matter/lev-matter-realtek/project/realtek_amebaD_va0_example/GCC-RELEASE/project_hp/asdk/../../../../../component/common/bluetooth/realtek/sdk/board/amebad/src/hci/hci_board.o
     16	     15	      0	     31	     1f	/home/leviton/lev-matter-ds2-v1.2/lev-matter/lev-matter-realtek/project/realtek_amebaD_va0_example/GCC-RELEASE/project_hp/asdk/../../../../../component/common/bluetooth/realtek/sdk/board/amebad/src/hci/bt_fwconfig.o
  12144	      4	      0	  12148	   2f74	/home/leviton/lev-matter-ds2-v1.2/lev-matter/lev-matter-realtek/project/realtek_amebaD_va0_example/GCC-RELEASE/project_hp/asdk/../../../../../component/common/bluetooth/realtek/sdk/board/amebad/src/hci/bt_normal_patch.o
  12256	      4	      0	  12260	   2fe4	/home/leviton/lev-matter-ds2-v1.2/lev-matter/lev-matter-realtek/project/realtek_amebaD_va0_example/GCC-RELEASE/project_hp/asdk/../../../../../component/common/bluetooth/realtek/sdk/board/amebad/src/hci/bt_mp_patch.o
      0	      0	      0	      0	      0	/home/leviton/lev-matter-ds2-v1.2/lev-matter/lev-matter-realtek/project/realtek_amebaD_va0_example/GCC-RELEASE/project_hp/asdk/../../../../../component/common/bluetooth/realtek/sdk/bt_example_entry.o
   1043	      1	     11	   1055	    41f	/home/leviton/lev-matter-ds2-v1.2/lev-matter/lev-matter-realtek/project/realtek_amebaD_va0_example/GCC-RELEASE/project_hp/asdk/../../../../../component/common/bluetooth/realtek/sdk/src/ble/profile/client/gcs_client.o
   2131	      0	      0	   2131	    853	/home/leviton/lev-matter-ds2-v1.2/lev-matter/lev-matter-realtek/project/realtek_amebaD_va0_example/GCC-RELEASE/project_hp/asdk/../../../../../component/common/bluetooth/realtek/sdk/src/mcu/module/data_uart_cmd/user_cmd_parse.o
    664	      0	     12	    676	    2a4	/home/leviton/lev-matter-ds2-v1.2/lev-matter/lev-matter-realtek/project/realtek_amebaD_va0_example/GCC-RELEASE/project_hp/asdk/../../../../../component/common/bluetooth/realtek/sdk/board/amebad/src/data_uart/data_uart.o
      0	      0	      0	      0	      0	/home/leviton/lev-matter-ds2-v1.2/lev-matter/lev-matter-realtek/project/realtek_amebaD_va0_example/GCC-RELEASE/project_hp/asdk/../../../../../component/common/bluetooth/realtek/sdk/example/ble_scatternet/ble_scatternet_app_main.o
      0	      0	      0	      0	      0	/home/leviton/lev-matter-ds2-v1.2/lev-matter/lev-matter-realtek/project/realtek_amebaD_va0_example/GCC-RELEASE/project_hp/asdk/../../../../../component/common/bluetooth/realtek/sdk/example/ble_scatternet/ble_scatternet_app_task.o
      0	      0	      0	      0	      0	/home/leviton/lev-matter-ds2-v1.2/lev-matter/lev-matter-realtek/project/realtek_amebaD_va0_example/GCC-RELEASE/project_hp/asdk/../../../../../component/common/bluetooth/realtek/sdk/example/ble_scatternet/ble_scatternet_app.o
    144	      0	     79	    223	     df	/home/leviton/lev-matter-ds2-v1.2/lev-matter/lev-matter-realtek/project/realtek_amebaD_va0_example/GCC-RELEASE/project_hp/asdk/../../../../../component/common/bluetooth/realtek/sdk/example/ble_scatternet/ble_scatternet_link_mgr.o
      0	      0	      0	      0	      0	/home/leviton/lev-matter-ds2-v1.2/lev-matter/lev-matter-realtek/project/realtek_amebaD_va0_example/GCC-RELEASE/project_hp/asdk/../../../../../component/common/bluetooth/realtek/sdk/example/ble_scatternet/ble_scatternet_user_cmd.o
  46689	    168	    354	  47211	   b86b	(TOTALS)
=============================================================
   text	   data	    bss	    dec	    hex	filename
    821	      4	     44	    869	    365	/home/leviton/lev-matter-ds2-v1.2/lev-matter/lev-matter-realtek/project/realtek_amebaD_va0_example/GCC-RELEASE/project_hp/asdk/../../../../../component/common/network/sntp/sntp.o
   1222	      0	    348	   1570	    622	/home/leviton/lev-matter-ds2-v1.2/lev-matter/lev-matter-realtek/project/realtek_amebaD_va0_example/GCC-RELEASE/project_hp/asdk/../../../../../component/common/network/websocket/wsserver_tls.o
    780	      0	      0	    780	    30c	/home/leviton/lev-matter-ds2-v1.2/lev-matter/lev-matter-realtek/project/realtek_amebaD_va0_example/GCC-RELEASE/project_hp/asdk/../../../../../component/common/network/websocket/wsclient_tls.o
   4532	      0	     60	   4592	   11f0	/home/leviton/lev-matter-ds2-v1.2/lev-matter/lev-matter-realtek/project/realtek_amebaD_va0_example/GCC-RELEASE/project_hp/asdk/../../../../../component/common/network/lwip/lwip_v2.1.2/src/core/ipv4/dhcp.o
   4690	      0	     39	   4729	   1279	/home/leviton/lev-matter-ds2-v1.2/lev-matter/lev-matter-realtek/project/realtek_amebaD_va0_example/GCC-RELEASE/project_hp/asdk/../../../../../component/common/network/lwip/lwip_v2.1.2/src/core/ipv6/dhcp6.o
   2732	      0	   1314	   4046	    fce	/home/leviton/lev-matter-ds2-v1.2/lev-matter/lev-matter-realtek/project/realtek_amebaD_va0_example/GCC-RELEASE/project_hp/asdk/../../../../../component/common/network/lwip/lwip_v2.1.2/src/core/dns.o
   3753	      9	   1883	   5645	   160d	/home/leviton/lev-matter-ds2-v1.2/lev-matter/lev-matter-realtek/project/realtek_amebaD_va0_example/GCC-RELEASE/project_hp/asdk/../../../../../component/common/network/dhcp/dhcps.o
     42	      0	      0	     42	     2a	/home/leviton/lev-matter-ds2-v1.2/lev-matter/lev-matter-realtek/project/realtek_amebaD_va0_example/GCC-RELEASE/project_hp/asdk/../../../../../component/common/network/lwip/lwip_v2.1.2/src/core/init.o
    732	      0	      0	    732	    2dc	/home/leviton/lev-matter-ds2-v1.2/lev-matter/lev-matter-realtek/project/realtek_amebaD_va0_example/GCC-RELEASE/project_hp/asdk/../../../../../component/common/network/lwip/lwip_v2.1.2/src/core/ipv4/autoip.o
    464	      0	      0	    464	    1d0	/home/leviton/lev-matter-ds2-v1.2/lev-matter/lev-matter-realtek/project/realtek_amebaD_va0_example/GCC-RELEASE/project_hp/asdk/../../../../../component/common/network/lwip/lwip_v2.1.2/src/core/ipv4/icmp.o
    496	      0	      0	    496	    1f0	/home/leviton/lev-matter-ds2-v1.2/lev-matter/lev-matter-realtek/project/realtek_amebaD_va0_example/GCC-RELEASE/project_hp/asdk/../../../../../component/common/network/lwip/lwip_v2.1.2/src/core/ipv6/icmp6.o
     16	      0	      0	     16	     10	/home/leviton/lev-matter-ds2-v1.2/lev-matter/lev-matter-realtek/project/realtek_amebaD_va0_example/GCC-RELEASE/project_hp/asdk/../../../../../component/common/network/lwip/lwip_v2.1.2/src/core/ipv6/inet6.o
   1040	      0	      0	   1040	    410	/home/leviton/lev-matter-ds2-v1.2/lev-matter/lev-matter-realtek/project/realtek_amebaD_va0_example/GCC-RELEASE/project_hp/asdk/../../../../../component/common/network/lwip/lwip_v2.1.2/src/core/ipv6/mld6.o
   5984	      8	   1008	   7000	   1b58	/home/leviton/lev-matter-ds2-v1.2/lev-matter/lev-matter-realtek/project/realtek_amebaD_va0_example/GCC-RELEASE/project_hp/asdk/../../../../../component/common/network/lwip/lwip_v2.1.2/src/core/ipv6/nd6.o
     96	      0	      0	     96	     60	/home/leviton/lev-matter-ds2-v1.2/lev-matter/lev-matter-realtek/project/realtek_amebaD_va0_example/GCC-RELEASE/project_hp/asdk/../../../../../component/common/network/lwip/lwip_v2.1.2/src/api/err.o
   1130	      0	      0	   1130	    46a	/home/leviton/lev-matter-ds2-v1.2/lev-matter/lev-matter-realtek/project/realtek_amebaD_va0_example/GCC-RELEASE/project_hp/asdk/../../../../../component/common/network/httpc/httpc_tls.o
   1136	      0	    348	   1484	    5cc	/home/leviton/lev-matter-ds2-v1.2/lev-matter/lev-matter-realtek/project/realtek_amebaD_va0_example/GCC-RELEASE/project_hp/asdk/../../../../../component/common/network/httpd/httpd_tls.o
     66	      0	      0	     66	     42	/home/leviton/lev-matter-ds2-v1.2/lev-matter/lev-matter-realtek/project/realtek_amebaD_va0_example/GCC-RELEASE/project_hp/asdk/../../../../../component/common/network/mDNS/mDNSPlatform.o
      0	      0	      0	      0	      0	/home/leviton/lev-matter-ds2-v1.2/lev-matter/lev-matter-realtek/project/realtek_amebaD_va0_example/GCC-RELEASE/project_hp/asdk/../../../../../component/common/network/lwip/lwip_v2.1.2/src/core/stats.o
     34	      0	      0	     34	     22	/home/leviton/lev-matter-ds2-v1.2/lev-matter/lev-matter-realtek/project/realtek_amebaD_va0_example/GCC-RELEASE/project_hp/asdk/../../../../../component/common/network/lwip/lwip_v2.1.2/src/core/sys.o
  29766	     21	   5044	  34831	   880f	(TOTALS)
=============================================================
   text	   data	    bss	    dec	    hex	filename
   5316	      0	     52	   5368	   14f8	/home/leviton/lev-matter-ds2-v1.2/lev-matter/lev-matter-realtek/project/realtek_amebaD_va0_example/GCC-RELEASE/project_hp/asdk/../../../../../component/common/network/lwip/lwip_v2.1.2/src/core/tcp_in.o
   3568	      0	      0	   3568	    df0	/home/leviton/lev-matter-ds2-v1.2/lev-matter/lev-matter-realtek/project/realtek_amebaD_va0_example/GCC-RELEASE/project_hp/asdk/../../../../../component/common/network/lwip/lwip_v2.1.2/src/core/tcp_out.o
    304	      0	      0	    304	    130	/home/leviton/lev-matter-ds2-v1.2/lev-matter/lev-matter-realtek/project/realtek_amebaD_va0_example/GCC-RELEASE/project_hp/asdk/../../../../../component/common/network/lwip/lwip_v2.1.2/src/core/def.o
   1104	      0	      8	   1112	    458	/home/leviton/lev-matter-ds2-v1.2/lev-matter/lev-matter-realtek/project/realtek_amebaD_va0_example/GCC-RELEASE/project_hp/asdk/../../../../../component/common/network/lwip/lwip_v2.1.2/src/core/ipv4/igmp.o
   1768	      0	      1	   1769	    6e9	/home/leviton/lev-matter-ds2-v1.2/lev-matter/lev-matter-realtek/project/realtek_amebaD_va0_example/GCC-RELEASE/project_hp/asdk/../../../../../component/common/network/lwip/lwip_v2.1.2/src/core/pbuf.o
    728	      0	      0	    728	    2d8	/home/leviton/lev-matter-ds2-v1.2/lev-matter/lev-matter-realtek/project/realtek_amebaD_va0_example/GCC-RELEASE/project_hp/asdk/../../../../../component/common/network/lwip/lwip_v2.1.2/src/core/inet_chksum.o
   4103	      0	      0	   4103	   1007	/home/leviton/lev-matter-ds2-v1.2/lev-matter/lev-matter-realtek/project/realtek_amebaD_va0_example/GCC-RELEASE/project_hp/asdk/../../../../../component/common/network/lwip/lwip_v2.1.2/src/api/api_msg.o
    296	      0	      0	    296	    128	/home/leviton/lev-matter-ds2-v1.2/lev-matter/lev-matter-realtek/project/realtek_amebaD_va0_example/GCC-RELEASE/project_hp/asdk/../../../../../component/common/network/lwip/lwip_v2.1.2/src/api/netbuf.o
    688	      0	     50	    738	    2e2	/home/leviton/lev-matter-ds2-v1.2/lev-matter/lev-matter-realtek/project/realtek_amebaD_va0_example/GCC-RELEASE/project_hp/asdk/../../../../../component/common/network/lwip/lwip_v2.1.2/port/realtek/freertos/sys_arch.o
    509	      0	      4	    513	    201	/home/leviton/lev-matter-ds2-v1.2/lev-matter/lev-matter-realtek/project/realtek_amebaD_va0_example/GCC-RELEASE/project_hp/asdk/../../../../../component/common/network/lwip/lwip_v2.1.2/port/realtek/freertos/ethernetif.o
   3763	      0	     85	   3848	    f08	/home/leviton/lev-matter-ds2-v1.2/lev-matter/lev-matter-realtek/project/realtek_amebaD_va0_example/GCC-RELEASE/project_hp/asdk/../../../../../component/common/network/lwip/lwip_v2.1.2/port/realtek/freertos/br_rpt_handle.o
      0	      0	      0	      0	      0	/home/leviton/lev-matter-ds2-v1.2/lev-matter/lev-matter-realtek/project/realtek_amebaD_va0_example/GCC-RELEASE/project_hp/asdk/../../../../../component/common/network/lwip/lwip_v2.1.2/port/realtek/freertos/bridgeif.o
    695	      0	      0	    695	    2b7	/home/leviton/lev-matter-ds2-v1.2/lev-matter/lev-matter-realtek/project/realtek_amebaD_va0_example/GCC-RELEASE/project_hp/asdk/../../../../../component/common/network/lwip/lwip_v2.1.2/port/realtek/freertos/bridgeif_fdb.o
      8	      0	      0	      8	      8	/home/leviton/lev-matter-ds2-v1.2/lev-matter/lev-matter-realtek/project/realtek_amebaD_va0_example/GCC-RELEASE/project_hp/asdk/../../../../../component/common/network/lwip/lwip_v2.1.2/port/realtek/hooks/lwip_default_hooks.o
    809	      0	      0	    809	    329	/home/leviton/lev-matter-ds2-v1.2/lev-matter/lev-matter-realtek/project/realtek_amebaD_va0_example/GCC-RELEASE/project_hp/asdk/../../../../../component/common/drivers/wlan/realtek/src/osdep/lwip_intf.o
    596	      0	     12	    608	    260	/home/leviton/lev-matter-ds2-v1.2/lev-matter/lev-matter-realtek/project/realtek_amebaD_va0_example/GCC-RELEASE/project_hp/asdk/../../../../../component/common/network/lwip/lwip_v2.1.2/src/core/timeouts.o
   1388	      0	      4	   1392	    570	/home/leviton/lev-matter-ds2-v1.2/lev-matter/lev-matter-realtek/project/realtek_amebaD_va0_example/GCC-RELEASE/project_hp/asdk/../../../../../component/common/network/lwip/lwip_v2.1.2/src/core/raw.o
    836	   7187	     16	   8039	   1f67	/home/leviton/lev-matter-ds2-v1.2/lev-matter/lev-matter-realtek/project/realtek_amebaD_va0_example/GCC-RELEASE/project_hp/asdk/../../../../../component/common/network/lwip/lwip_v2.1.2/src/core/mem.o
    500	 332529	     76	 333105	  51531	/home/leviton/lev-matter-ds2-v1.2/lev-matter/lev-matter-realtek/project/realtek_amebaD_va0_example/GCC-RELEASE/project_hp/asdk/../../../../../component/common/network/lwip/lwip_v2.1.2/src/core/memp.o
   1909	      0	      9	   1918	    77e	/home/leviton/lev-matter-ds2-v1.2/lev-matter/lev-matter-realtek/project/realtek_amebaD_va0_example/GCC-RELEASE/project_hp/asdk/../../../../../component/common/network/lwip/lwip_v2.1.2/src/core/netif.o
    128	      0	     60	    188	     bc	/home/leviton/lev-matter-ds2-v1.2/lev-matter/lev-matter-realtek/project/realtek_amebaD_va0_example/GCC-RELEASE/project_hp/asdk/../../../../../component/common/network/lwip/lwip_v2.1.2/src/core/ip.o
   1252	      0	      6	   1258	    4ea	/home/leviton/lev-matter-ds2-v1.2/lev-matter/lev-matter-realtek/project/realtek_amebaD_va0_example/GCC-RELEASE/project_hp/asdk/../../../../../component/common/network/lwip/lwip_v2.1.2/src/core/ipv4/ip4.o
    608	      0	     16	    624	    270	/home/leviton/lev-matter-ds2-v1.2/lev-matter/lev-matter-realtek/project/realtek_amebaD_va0_example/GCC-RELEASE/project_hp/asdk/../../../../../component/common/network/lwip/lwip_v2.1.2/src/core/ipv4/ip4_addr.o
   1464	      0	      6	   1470	    5be	/home/leviton/lev-matter-ds2-v1.2/lev-matter/lev-matter-realtek/project/realtek_amebaD_va0_example/GCC-RELEASE/project_hp/asdk/../../../../../component/common/network/lwip/lwip_v2.1.2/src/core/ipv4/ip4_frag.o
   2292	      0	      0	   2292	    8f4	/home/leviton/lev-matter-ds2-v1.2/lev-matter/lev-matter-realtek/project/realtek_amebaD_va0_example/GCC-RELEASE/project_hp/asdk/../../../../../component/common/network/lwip/lwip_v2.1.2/src/core/ipv6/ip6.o
    784	      0	     40	    824	    338	/home/leviton/lev-matter-ds2-v1.2/lev-matter/lev-matter-realtek/project/realtek_amebaD_va0_example/GCC-RELEASE/project_hp/asdk/../../../../../component/common/network/lwip/lwip_v2.1.2/src/core/ipv6/ip6_addr.o
   1472	      0	     10	   1482	    5ca	/home/leviton/lev-matter-ds2-v1.2/lev-matter/lev-matter-realtek/project/realtek_amebaD_va0_example/GCC-RELEASE/project_hp/asdk/../../../../../component/common/network/lwip/lwip_v2.1.2/src/core/ipv6/ip6_frag.o
   4824	      6	     27	   4857	   12f9	/home/leviton/lev-matter-ds2-v1.2/lev-matter/lev-matter-realtek/project/realtek_amebaD_va0_example/GCC-RELEASE/project_hp/asdk/../../../../../component/common/network/lwip/lwip_v2.1.2/src/core/tcp.o
   2324	      2	      8	   2334	    91e	/home/leviton/lev-matter-ds2-v1.2/lev-matter/lev-matter-realtek/project/realtek_amebaD_va0_example/GCC-RELEASE/project_hp/asdk/../../../../../component/common/network/lwip/lwip_v2.1.2/src/core/udp.o
   8208	      0	    837	   9045	   2355	/home/leviton/lev-matter-ds2-v1.2/lev-matter/lev-matter-realtek/project/realtek_amebaD_va0_example/GCC-RELEASE/project_hp/asdk/../../../../../component/common/network/lwip/lwip_v2.1.2/src/api/sockets.o
    803	      0	     16	    819	    333	/home/leviton/lev-matter-ds2-v1.2/lev-matter/lev-matter-realtek/project/realtek_amebaD_va0_example/GCC-RELEASE/project_hp/asdk/../../../../../component/common/network/lwip/lwip_v2.1.2/src/api/tcpip.o
    400	      0	      4	    404	    194	/home/leviton/lev-matter-ds2-v1.2/lev-matter/lev-matter-realtek/project/realtek_amebaD_va0_example/GCC-RELEASE/project_hp/asdk/../../../../../component/common/network/lwip/lwip_v2.1.2/src/netif/ethernet.o
   1876	      0	    241	   2117	    845	/home/leviton/lev-matter-ds2-v1.2/lev-matter/lev-matter-realtek/project/realtek_amebaD_va0_example/GCC-RELEASE/project_hp/asdk/../../../../../component/common/network/lwip/lwip_v2.1.2/src/core/ipv4/etharp.o
    116	      0	      0	    116	     74	/home/leviton/lev-matter-ds2-v1.2/lev-matter/lev-matter-realtek/project/realtek_amebaD_va0_example/GCC-RELEASE/project_hp/asdk/../../../../../component/common/network/lwip/lwip_v2.1.2/src/core/ipv6/ethip6.o
    752	      0	    313	   1065	    429	/home/leviton/lev-matter-ds2-v1.2/lev-matter/lev-matter-realtek/project/realtek_amebaD_va0_example/GCC-RELEASE/project_hp/asdk/../../../../../component/common/network/lwip/lwip_v2.1.2/src/api/netdb.o
   1860	      0	      0	   1860	    744	/home/leviton/lev-matter-ds2-v1.2/lev-matter/lev-matter-realtek/project/realtek_amebaD_va0_example/GCC-RELEASE/project_hp/asdk/../../../../../component/common/network/lwip/lwip_v2.1.2/src/api/api_lib.o
      0	      0	      0	      0	      0	/home/leviton/lev-matter-ds2-v1.2/lev-matter/lev-matter-realtek/project/realtek_amebaD_va0_example/GCC-RELEASE/project_hp/asdk/../../../../../component/common/network/lwip/lwip_v2.1.2/src/api/netifapi.o
  58051	 339724	   1901	 399676	  6193c	(TOTALS)
=============================================================
   text	   data	    bss	    dec	    hex	filename
   7240	      0	     68	   7308	   1c8c	wifi_interactive_mode.o
   2220	      0	    444	   2664	    a68	lwip_netconf.o
   9460	      0	    512	   9972	   26f4	(TOTALS)
=============================================================
   text	   data	    bss	    dec	    hex	filename
   1922	    112	      0	   2034	    7f2	/home/leviton/lev-matter-ds2-v1.2/lev-matter/lev-matter-realtek/project/realtek_amebaD_va0_example/GCC-RELEASE/project_hp/asdk/../../../../../component/common/api/at_cmd/atcmd_sys.o
  10516	    420	    177	  11113	   2b69	/home/leviton/lev-matter-ds2-v1.2/lev-matter/lev-matter-realtek/project/realtek_amebaD_va0_example/GCC-RELEASE/project_hp/asdk/../../../../../component/common/api/at_cmd/atcmd_wifi.o
   5380	      8	    288	   5676	   162c	/home/leviton/lev-matter-ds2-v1.2/lev-matter/lev-matter-realtek/project/realtek_amebaD_va0_example/GCC-RELEASE/project_hp/asdk/../../../../../component/common/api/at_cmd/atcmd_lwip.o
   1331	     61	    468	   1860	    744	/home/leviton/lev-matter-ds2-v1.2/lev-matter/lev-matter-realtek/project/realtek_amebaD_va0_example/GCC-RELEASE/project_hp/asdk/../../../../../component/common/api/at_cmd/log_service.o
    147	     48	      0	    195	     c3	/home/leviton/lev-matter-ds2-v1.2/lev-matter/lev-matter-realtek/project/realtek_amebaD_va0_example/GCC-RELEASE/project_hp/asdk/../../../../../component/common/api/at_cmd/atcmd_mp.o
    963	     36	      1	   1000	    3e8	/home/leviton/lev-matter-ds2-v1.2/lev-matter/lev-matter-realtek/project/realtek_amebaD_va0_example/GCC-RELEASE/project_hp/asdk/../../../../../component/common/api/at_cmd/atcmd_mp_ext2.o
   8773	    320	    257	   9350	   2486	/home/leviton/lev-matter-ds2-v1.2/lev-matter/lev-matter-realtek/project/realtek_amebaD_va0_example/GCC-RELEASE/project_hp/asdk/../../../../../component/common/api/at_cmd/atcmd_bt.o
  29032	   1005	   1191	  31228	   79fc	(TOTALS)
=============================================================
   text	   data	    bss	    dec	    hex	filename
    257	      0	      4	    261	    105	wlan_network.o
   4955	      0	      4	   4959	   135f	ttcp.o
   2262	      0	     30	   2292	    8f4	ping_test.o
   7474	      0	     38	   7512	   1d58	(TOTALS)
=============================================================
   text	   data	    bss	    dec	    hex	filename
   9097	      0	      0	   9097	   2389	wifi_util.o
  13834	     42	    307	  14183	   3767	wifi_conf.o
   1330	      0	    129	   1459	    5b3	wifi_promisc.o
    240	      0	    528	    768	    300	wifi_ind.o
   8841	    158	    125	   9124	   23a4	wifi_simple_config.o
    382	     16	     34	    432	    1b0	wifi_eap_config.o
      0	      0	      0	      0	      0	wifi_p2p_config.o
     48	      4	      0	     52	     34	wifi_wps_config.o
   2252	      0	     56	   2308	    904	tls_polarssl.o
  36024	    220	   1179	  37423	   922f	(TOTALS)
=============================================================
   text	   data	    bss	    dec	    hex	filename
  18612	     20	      0	  18632	   48c8	rtw_opt_rf_para_rtl8721d.o
  18612	     20	      0	  18632	   48c8	(TOTALS)
=============================================================
   text	   data	    bss	    dec	    hex	filename
  12984	      0	    264	  13248	   33c0	/home/leviton/lev-matter-ds2-v1.2/lev-matter/lev-matter-realtek/project/realtek_amebaD_va0_example/GCC-RELEASE/project_hp/asdk/../../../../../component/common/utilities/tcptest.o
   1692	      0	     48	   1740	    6cc	/home/leviton/lev-matter-ds2-v1.2/lev-matter/lev-matter-realtek/project/realtek_amebaD_va0_example/GCC-RELEASE/project_hp/asdk/../../../../../component/common/utilities/ssl_client.o
     10	      0	      0	     10	      a	/home/leviton/lev-matter-ds2-v1.2/lev-matter/lev-matter-realtek/project/realtek_amebaD_va0_example/GCC-RELEASE/project_hp/asdk/../../../../../component/common/utilities/ssl_client_ext.o
    725	      0	      0	    725	    2d5	/home/leviton/lev-matter-ds2-v1.2/lev-matter/lev-matter-realtek/project/realtek_amebaD_va0_example/GCC-RELEASE/project_hp/asdk/../../../../../component/common/utilities/http_client.o
   6158	      0	      0	   6158	   180e	/home/leviton/lev-matter-ds2-v1.2/lev-matter/lev-matter-realtek/project/realtek_amebaD_va0_example/GCC-RELEASE/project_hp/asdk/../../../../../component/common/utilities/xml.o
   4636	      8	      4	   4648	   1228	/home/leviton/lev-matter-ds2-v1.2/lev-matter/lev-matter-realtek/project/realtek_amebaD_va0_example/GCC-RELEASE/project_hp/asdk/../../../../../component/common/utilities/cJSON.o
  26205	      8	    316	  26529	   67a1	(TOTALS)
=============================================================
      0	      0	      0	      0	      0	(TOTALS)
=============================================================
   text	   data	    bss	    dec	    hex	filename
     48	      0	      0	     48	     30	freertos_backtrace_ext.o
   2449	      0	      4	   2453	    995	freertos_service.o
     20	 312336	      0	 312356	  4c424	freertos_heap5_config.o
    241	      0	     24	    265	    109	device_lock.o
   2508	      0	      4	   2512	    9d0	osdep_service.o
    408	2097152	     12	2097572	 2001a4	psram_reserve.o
   5674	2409488	     44	2415206	 24da66	(TOTALS)
=============================================================
   text	   data	    bss	    dec	    hex	filename
   4881	      0	   2516	   7397	   1ce5	tasks.o
    130	      0	      0	    130	     82	list.o
    660	      0	    128	    788	    314	croutine.o
   2756	      0	      0	   2756	    ac4	queue.o
   1324	   4096	   2380	   7800	   1e78	timers.o
    584	      0	      0	    584	    248	event_groups.o
   1296	      0	      0	   1296	    510	stream_buffer.o
    552	      4	      0	    556	    22c	port.o
    260	      0	      0	    260	    104	portasm.o
    676	      0	     24	    700	    2bc	heap_5.o
  13119	   4100	   5048	  22267	   56fb	(TOTALS)
=============================================================
      0	      0	      0	      0	      0	(TOTALS)
=============================================================
   text	   data	    bss	    dec	    hex	filename
   4408	   8704	     44	  13156	   3364	aes.o
      0	      0	      0	      0	      0	aesni.o
    164	      0	      0	    164	     a4	arc4.o
      0	      0	      0	      0	      0	aria.o
   1068	      0	      0	   1068	    42c	asn1parse.o
   1370	      0	      0	   1370	    55a	asn1write.o
    564	      0	      0	    564	    234	base64.o
   9317	      0	      0	   9317	   2465	bignum.o
      0	      0	      0	      0	      0	blowfish.o
   3500	      0	      0	   3500	    dac	camellia.o
   1098	      0	      0	   1098	    44a	ccm.o
      0	      0	      0	      0	      0	certs.o
    972	      0	      0	    972	    3cc	chacha20.o
    744	      0	      0	    744	    2e8	chachapoly.o
   2440	      0	      4	   2444	    98c	cipher.o
   2817	      0	    156	   2973	    b9d	cipher_wrap.o
      0	      0	      0	      0	      0	cmac.o
   1466	      0	      0	   1466	    5ba	constant_time.o
   1296	      0	      0	   1296	    510	ctr_drbg.o
      0	      0	      0	      0	      0	debug.o
      0	      0	      0	      0	      0	des.o
      0	      0	      0	      0	      0	dhm.o
    812	      0	      0	    812	    32c	ecdh.o
   1376	      0	      0	   1376	    560	ecdsa.o
      0	      0	      0	      0	      0	ecjpake.o
   7996	      0	     18	   8014	   1f4e	ecp.o
   7136	     28	      0	   7164	   1bfc	ecp_curves.o
    892	      0	      0	    892	    37c	entropy.o
     16	      0	      0	     16	     10	entropy_poll.o
      8	      0	      0	      8	      8	error.o
      0	      0	      0	      0	      0	gcm.o
      0	      0	      0	      0	      0	havege.o
    417	      0	      0	    417	    1a1	hkdf.o
    924	      0	      0	    924	    39c	hmac_drbg.o
      0	      0	      0	      0	      0	md2.o
      0	      0	      0	      0	      0	md4.o
   2328	      0	      0	   2328	    918	md5.o
   1607	      0	      0	   1607	    647	md.o
      0	      0	      0	      0	      0	memory_buffer_alloc.o
      0	      0	      0	      0	      0	nist_kw.o
   5545	      0	      0	   5545	   15a9	oid.o
      0	      0	      0	      0	      0	padlock.o
   1379	      0	      0	   1379	    563	pem.o
    799	      0	      0	    799	    31f	pk.o
      0	      0	      0	      0	      0	pkcs11.o
   1156	      0	      0	   1156	    484	pkcs12.o
    794	      0	      0	    794	    31a	pkcs5.o
   3359	      0	      0	   3359	    d1f	pkparse.o
   1311	      0	      0	   1311	    51f	pk_wrap.o
   1740	      0	      0	   1740	    6cc	pkwrite.o
     56	      8	      0	     64	     40	platform.o
     20	      4	      0	     24	     18	platform_util.o
   1124	      0	      0	   1124	    464	poly1305.o
   5516	      0	      0	   5516	   158c	ripemd160.o
   4948	      0	      0	   4948	   1354	rsa.o
   1595	      0	      0	   1595	    63b	rsa_internal.o
   4208	      0	      0	   4208	   1070	sha1.o
   2668	      0	      0	   2668	    a6c	sha256.o
   4304	      0	      0	   4304	   10d0	sha512.o
    496	      0	      0	    496	    1f0	ssl_cache.o
   2003	      0	     64	   2067	    813	ssl_ciphersuites.o
   3976	      0	      0	   3976	    f88	ssl_cli.o
    608	      0	      0	    608	    260	ssl_cookie.o
   4284	      0	      0	   4284	   10bc	ssl_msg.o
      0	      0	      0	      0	      0	ssl_srv.o
    752	      0	      0	    752	    2f0	ssl_ticket.o
   7755	     56	      0	   7811	   1e83	ssl_tls.o
     48	     16	      0	     64	     40	threading.o
      0	      0	      0	      0	      0	timing.o
     75	      0	      0	     75	     4b	version.o
      6	      0	      0	      6	      6	version_features.o
   1615	      0	      0	   1615	    64f	x509.o
   1625	      0	      0	   1625	    659	x509_create.o
   2117	      0	      0	   2117	    845	x509_crl.o
   8957	      0	      0	   8957	   22fd	x509_crt.o
   1172	      0	      0	   1172	    494	x509_csr.o
   1798	      0	      0	   1798	    706	x509write_crt.o
    940	      0	      0	    940	    3ac	x509write_csr.o
      0	      0	      0	      0	      0	xtea.o
 133485	   8816	    286	 142587	  22cfb	(TOTALS)
=============================================================
   text	   data	    bss	    dec	    hex	filename
   3815	      0	      8	   3823	    eef	monitor_hp.o
    636	      0	      4	    640	    280	shell_ram.o
    191	     12	      0	    203	     cb	rtl_trace.o
    923	      0	    232	   1155	    483	shell_rom.o
   4272	     96	      0	   4368	   1110	monitor_rom.o
    108	      4	      0	    112	     70	low_level_io.o
   9945	    112	    244	  10301	   283d	(TOTALS)
=============================================================
   text	   data	    bss	    dec	    hex	filename
   1741	     24	      4	   1769	    6e9	touch_key.o
   1741	     24	      4	   1769	    6e9	(TOTALS)
=============================================================
   text	   data	    bss	    dec	    hex	filename
   1950	      0	     16	   1966	    7ae	rtl8721dhp_sha.o
    913	      0	      0	    913	    391	rtl8721dhp_md5.o
    896	      0	      0	    896	    380	rtl8721dhp_chacha_poly1305.o
   1284	      0	      0	   1284	    504	rtl8721dhp_aes_ram.o
   1557	      0	      0	   1557	    615	rtl8721dhp_des_ram.o
   6125	      0	     64	   6189	   182d	rtl8721dhp_crypto_ram.o
  12725	      0	     80	  12805	   3205	(TOTALS)
=============================================================
   text	   data	    bss	    dec	    hex	filename
      0	      0	      0	      0	      0	rtl8721dhp_startup.o
   1720	     12	      8	   1740	    6cc	rtl8721dhp_app_start.o
     95	      0	      0	     95	     5f	rtl8721dhp_clk.o
      0	      0	      0	      0	      0	rtl8721dhp_cpft.o
    356	      0	      0	    356	    164	rtl8721dhp_ota_ram.o
     64	      4	      0	     68	     44	rtl8721dhp_system.o
    150	      0	      4	    154	     9a	rtl8721dhp_simulation.o
   1199	      0	     44	   1243	    4db	rtl8721dhp_i2s.o
    328	      0	      0	    328	    148	rtl8721dhp_sdio.o
   1915	      0	      0	   1915	    77b	rtl8721dhp_ssi.o
   3414	      0	      0	   3414	    d56	rtl8721dhp_lcdc.o
   4441	      0	     16	   4457	   1169	rtl8721dhp_usi_uart.o
   2338	      0	      0	   2338	    922	rtl8721dhp_usi_ssi.o
   3301	      0	     12	   3313	    cf1	rtl8721dhp_usi_i2c.o
   1710	      0	      0	   1710	    6ae	rtl8721dhp_audio.o
   1469	      0	      1	   1470	    5be	rtl8721dhp_sdio_host.o
   8208	    128	      0	   8336	   2090	rtl8721dhp_sd.o
   3352	      0	     12	   3364	    d24	rtl8721d_i2c.o
   2306	      0	      0	   2306	    902	rtl8721d_rtc.o
   1376	      0	     32	   1408	    580	rtl8721d_uart.o
   2009	    192	      0	   2201	    899	rtl8721d_tim.o
   1287	      0	      0	   1287	    507	rtl8721d_adc.o
    480	      0	      0	    480	    1e0	rtl8721d_comparator.o
    248	      0	      0	    248	     f8	rtl8721d_wdg.o
   1445	      0	     12	   1457	    5b1	rtl8721d_flash_ram.o
    756	      0	      0	    756	    2f4	rtl8721d_pll.o
   1794	      0	      0	   1794	    702	rtl8721d_ir.o
    305	      0	    128	    433	    1b1	rtl8721d_ipc_api.o
   3527	      0	      0	   3527	    dc7	rtl8721d_sgpio.o
    930	      0	      0	    930	    3a2	rtl8721d_keyscan.o
   3427	      0	      0	   3427	    d63	rtl8721d_captouch.o
    240	      0	     92	    332	    14c	rtl8721d_gdma_memcpy.o
    245	      0	      0	    245	     f5	rtl8721d_bor.o
   1509	      0	      0	   1509	    5e5	rtl8721d_ram_libc.o
      0	      0	     16	     16	     10	rtl8721dlp_intfcfg.o
      5	     24	      0	     29	     1d	rtl8721dhp_intfcfg.o
    396	      0	      0	    396	    18c	rtl8721d_ipccfg.o
      0	     16	      0	     16	     10	rtl8721d_wificfg.o
  56345	    376	    377	  57098	   df0a	(TOTALS)
=============================================================
   text	   data	    bss	    dec	    hex	filename
   9778	      0	     22	   9800	   2648	rtl8721d_ota.o
      0	      0	      4	      4	      4	DsoHandle.o
   9778	      0	     26	   9804	   264c	(TOTALS)
=============================================================
      0	      0	      0	      0	      0	(TOTALS)
=============================================================
   text	   data	    bss	    dec	    hex	filename
   2749	      0	      0	   2749	    abd	rl6548.o
   2749	      0	      0	   2749	    abd	(TOTALS)
=============================================================
   text	   data	    bss	    dec	    hex	filename
    588	      0	      0	    588	    24c	ir_nec_protocol.o
    196	      0	      0	    196	     c4	ir_led.o
    784	      0	      0	    784	    310	(TOTALS)
=============================================================
      0	      0	      0	      0	      0	(TOTALS)
=============================================================
   text	   data	    bss	    dec	    hex	filename
   1900	   4096	      0	   5996	   176c	flash_api.o
    264	      0	      0	    264	    108	pinmap_common.o
    728	      0	      0	    728	    2d8	sys_api.o
    318	      0	      4	    322	    142	us_ticker.o
    728	      0	      0	    728	    2d8	timer_api.o
    416	      0	      0	    416	    1a0	dma_api.o
    275	      0	      0	    275	    113	gpio_api.o
    438	      0	      0	    438	    1b6	gpio_irq_api.o
     93	      0	      0	     93	     5d	pinmap.o
    150	      0	      0	    150	     96	port_api.o
   5959	      0	    456	   6415	   190f	spi_api.o
   5276	      0	   1348	   6624	   19e0	serial_api.o
   2523	      0	    176	   2699	    a8b	i2c_api.o
   1313	      0	     80	   1393	    571	i2s_api.o
   1355	      8	     27	   1390	    56e	pwmout_api.o
    431	      0	      0	    431	    1af	analogin_api.o
    893	      0	      0	    893	    37d	efuse_api.o
    125	      0	      0	    125	     7d	sleep.o
     80	      0	      0	     80	     50	wdt_api.o
   5027	      0	     64	   5091	   13e3	spdio_api.o
    220	      0	      8	    228	     e4	us_ticker_api.o
     40	      0	      0	     40	     28	wait_api.o
    968	      0	     44	   1012	    3f4	rtc_api.o
    462	      0	      0	    462	    1ce	captouch_api.o
    425	     64	     40	    529	    211	keyscan_api.o
    547	    240	      0	    787	    313	lcdc_api.o
  30954	   4408	   2247	  37609	   92e9	(TOTALS)
=============================================================
   text	   data	    bss	    dec	    hex	filename
      8	      0	      0	      8	      8	/home/leviton/lev-matter-ds2-v1.2/lev-matter/lev-matter-realtek/project/realtek_amebaD_va0_example/GCC-RELEASE/project_hp/asdk/../../../../../component/common/example/example_entry.o
   5219	      0	    662	   5881	   16f9	/home/leviton/lev-matter-ds2-v1.2/lev-matter/lev-matter-realtek/project/realtek_amebaD_va0_example/GCC-RELEASE/project_hp/asdk/../../../../../component/common/example/cm_backtrace/example_cm_backtrace.o
    641	      0	      0	    641	    281	/home/leviton/lev-matter-ds2-v1.2/lev-matter/lev-matter-realtek/project/realtek_amebaD_va0_example/GCC-RELEASE/project_hp/asdk/../../../../../component/common/example/bcast/example_bcast.o
    767	      0	      0	    767	    2ff	/home/leviton/lev-matter-ds2-v1.2/lev-matter/lev-matter-realtek/project/realtek_amebaD_va0_example/GCC-RELEASE/project_hp/asdk/../../../../../component/common/example/get_beacon_frame/example_get_beacon_frame.o
      0	      0	      0	      0	      0	/home/leviton/lev-matter-ds2-v1.2/lev-matter/lev-matter-realtek/project/realtek_amebaD_va0_example/GCC-RELEASE/project_hp/asdk/../../../../../component/common/example/high_load_memory_use/example_high_load_memory_use.o
    665	      0	      0	    665	    299	/home/leviton/lev-matter-ds2-v1.2/lev-matter/lev-matter-realtek/project/realtek_amebaD_va0_example/GCC-RELEASE/project_hp/asdk/../../../../../component/common/example/http_client/example_http_client.o
      0	      0	      0	      0	      0	/home/leviton/lev-matter-ds2-v1.2/lev-matter/lev-matter-realtek/project/realtek_amebaD_va0_example/GCC-RELEASE/project_hp/asdk/../../../../../component/common/example/http_download/example_http_download.o
    713	      0	      0	    713	    2c9	/home/leviton/lev-matter-ds2-v1.2/lev-matter/lev-matter-realtek/project/realtek_amebaD_va0_example/GCC-RELEASE/project_hp/asdk/../../../../../component/common/example/mcast/example_mcast.o
    566	      0	      0	    566	    236	/home/leviton/lev-matter-ds2-v1.2/lev-matter/lev-matter-realtek/project/realtek_amebaD_va0_example/GCC-RELEASE/project_hp/asdk/../../../../../component/common/example/mdns/example_mdns.o
    498	      0	      4	    502	    1f6	/home/leviton/lev-matter-ds2-v1.2/lev-matter/lev-matter-realtek/project/realtek_amebaD_va0_example/GCC-RELEASE/project_hp/asdk/../../../../../component/common/example/nonblock_connect/example_nonblock_connect.o
    583	      0	      0	    583	    247	/home/leviton/lev-matter-ds2-v1.2/lev-matter/lev-matter-realtek/project/realtek_amebaD_va0_example/GCC-RELEASE/project_hp/asdk/../../../../../component/common/example/rarp/example_rarp.o
    282	      0	      0	    282	    11a	/home/leviton/lev-matter-ds2-v1.2/lev-matter/lev-matter-realtek/project/realtek_amebaD_va0_example/GCC-RELEASE/project_hp/asdk/../../../../../component/common/example/sntp_showtime/example_sntp_showtime.o
    715	      0	      0	    715	    2cb	/home/leviton/lev-matter-ds2-v1.2/lev-matter/lev-matter-realtek/project/realtek_amebaD_va0_example/GCC-RELEASE/project_hp/asdk/../../../../../component/common/example/socket_select/example_socket_select.o
      0	      0	      0	      0	      0	/home/leviton/lev-matter-ds2-v1.2/lev-matter/lev-matter-realtek/project/realtek_amebaD_va0_example/GCC-RELEASE/project_hp/asdk/../../../../../component/common/example/ssl_download/example_ssl_download.o
    387	      0	      0	    387	    183	/home/leviton/lev-matter-ds2-v1.2/lev-matter/lev-matter-realtek/project/realtek_amebaD_va0_example/GCC-RELEASE/project_hp/asdk/../../../../../component/common/example/ssl_server/example_ssl_server.o
    599	      0	      0	    599	    257	/home/leviton/lev-matter-ds2-v1.2/lev-matter/lev-matter-realtek/project/realtek_amebaD_va0_example/GCC-RELEASE/project_hp/asdk/../../../../../component/common/example/tcp_keepalive/example_tcp_keepalive.o
      0	      0	      0	      0	      0	/home/leviton/lev-matter-ds2-v1.2/lev-matter/lev-matter-realtek/project/realtek_amebaD_va0_example/GCC-RELEASE/project_hp/asdk/../../../../../component/common/example/uart_atcmd/example_uart_atcmd.o
    128	      0	      0	    128	     80	/home/leviton/lev-matter-ds2-v1.2/lev-matter/lev-matter-realtek/project/realtek_amebaD_va0_example/GCC-RELEASE/project_hp/asdk/../../../../../component/common/example/wifi_mac_monitor/example_wifi_mac_monitor.o
    820	      0	      8	    828	    33c	/home/leviton/lev-matter-ds2-v1.2/lev-matter/lev-matter-realtek/project/realtek_amebaD_va0_example/GCC-RELEASE/project_hp/asdk/../../../../../component/common/example/wlan_fast_connect/example_wlan_fast_connect.o
      0	      0	      0	      0	      0	/home/leviton/lev-matter-ds2-v1.2/lev-matter/lev-matter-realtek/project/realtek_amebaD_va0_example/GCC-RELEASE/project_hp/asdk/../../../../../component/common/example/wlan_repeater/example_wlan_repeater.o
      0	      0	      0	      0	      0	/home/leviton/lev-matter-ds2-v1.2/lev-matter/lev-matter-realtek/project/realtek_amebaD_va0_example/GCC-RELEASE/project_hp/asdk/../../../../../component/common/example/wlan_scenario/example_wlan_scenario.o
    714	      0	      0	    714	    2ca	/home/leviton/lev-matter-ds2-v1.2/lev-matter/lev-matter-realtek/project/realtek_amebaD_va0_example/GCC-RELEASE/project_hp/asdk/../../../../../component/common/example/websocket_client/example_wsclient.o
    542	      0	      0	    542	    21e	/home/leviton/lev-matter-ds2-v1.2/lev-matter/lev-matter-realtek/project/realtek_amebaD_va0_example/GCC-RELEASE/project_hp/asdk/../../../../../component/common/example/websocket_server/example_ws_server.o
   1051	      0	      0	   1051	    41b	/home/leviton/lev-matter-ds2-v1.2/lev-matter/lev-matter-realtek/project/realtek_amebaD_va0_example/GCC-RELEASE/project_hp/asdk/../../../../../component/common/example/xml/example_xml.o
   1901	      0	   2052	   3953	    f71	/home/leviton/lev-matter-ds2-v1.2/lev-matter/lev-matter-realtek/project/realtek_amebaD_va0_example/GCC-RELEASE/project_hp/asdk/../../../../../component/common/example/mqtt/example_mqtt.o
   1747	      0	      0	   1747	    6d3	/home/leviton/lev-matter-ds2-v1.2/lev-matter/lev-matter-realtek/project/realtek_amebaD_va0_example/GCC-RELEASE/project_hp/asdk/../../../../../component/common/example/httpd/example_httpd.o
    875	      0	      0	    875	    36b	/home/leviton/lev-matter-ds2-v1.2/lev-matter/lev-matter-realtek/project/realtek_amebaD_va0_example/GCC-RELEASE/project_hp/asdk/../../../../../component/common/example/httpc/example_httpc.o
[...]
      0	      0	      0	      0	      0	/home/leviton/lev-matter-ds2-v1.2/lev-matter/lev-matter-realtek/project/realtek_amebaD_va0_example/GCC-RELEASE/project_hp/asdk/../../../../../component/common/application/amazon/amazon-freertos-202012.00/demos/network_manager/aws_iot_demo_network.o
   1544	     28	    249	   1821	    71d	/home/leviton/lev-matter-ds2-v1.2/lev-matter/lev-matter-realtek/project/realtek_amebaD_va0_example/GCC-RELEASE/project_hp/asdk/../../../../../component/common/application/amazon/amazon-freertos-202012.00/demos/network_manager/aws_iot_network_manager.o
   4391	      0	      0	   4391	   1127	/home/leviton/lev-matter-ds2-v1.2/lev-matter/lev-matter-realtek/project/realtek_amebaD_va0_example/GCC-RELEASE/project_hp/asdk/../../../../../component/common/application/amazon/amazon-freertos-202012.00/demos/dev_mode_key_provisioning/src/aws_dev_mode_key_provisioning.o
   1762	      4	     17	   1783	    6f7	/home/leviton/lev-matter-ds2-v1.2/lev-matter/lev-matter-realtek/project/realtek_amebaD_va0_example/GCC-RELEASE/project_hp/asdk/../../../../../component/common/application/amazon/amazon-freertos-202012.00/demos/ota/aws_iot_ota_update_demo.o
   5624	     16	   1032	   6672	   1a10	/home/leviton/lev-matter-ds2-v1.2/lev-matter/lev-matter-realtek/project/realtek_amebaD_va0_example/GCC-RELEASE/project_hp/asdk/../../../../../component/common/application/amazon/amazon-freertos-202012.00/demos/coreMQTT/mqtt_demo_mutual_auth.o
   5014	     16	   1237	   6267	   187b	/home/leviton/lev-matter-ds2-v1.2/lev-matter/lev-matter-realtek/project/realtek_amebaD_va0_example/GCC-RELEASE/project_hp/asdk/../../../../../component/common/application/amazon/amazon-freertos-202012.00/demos/device_shadow_for_aws/shadow_demo_main.o
    808	      0	      0	    808	    328	/home/leviton/lev-matter-ds2-v1.2/lev-matter/lev-matter-realtek/project/realtek_amebaD_va0_example/GCC-RELEASE/project_hp/asdk/../../../../../component/common/application/amazon/amazon-freertos-202012.00/libraries/3rdparty/jsmn/jsmn.o
  14395	      0	      0	  14395	   383b	/home/leviton/lev-matter-ds2-v1.2/lev-matter/lev-matter-realtek/project/realtek_amebaD_va0_example/GCC-RELEASE/project_hp/asdk/../../../../../component/common/application/amazon/amazon-freertos-202012.00/libraries/3rdparty/mbedtls_utils/mbedtls_error.o
    420	      0	      0	    420	    1a4	/home/leviton/lev-matter-ds2-v1.2/lev-matter/lev-matter-realtek/project/realtek_amebaD_va0_example/GCC-RELEASE/project_hp/asdk/../../../../../component/common/application/amazon/amazon-freertos-202012.00/libraries/3rdparty/mbedtls_utils/mbedtls_utils.o
   1048	      0	      0	   1048	    418	/home/leviton/lev-matter-ds2-v1.2/lev-matter/lev-matter-realtek/project/realtek_amebaD_va0_example/GCC-RELEASE/project_hp/asdk/../../../../../component/common/application/amazon/amazon-freertos-202012.00/libraries/3rdparty/tinycbor/src/cborencoder.o
      4	      0	      0	      4	      4	/home/leviton/lev-matter-ds2-v1.2/lev-matter/lev-matter-realtek/project/realtek_amebaD_va0_example/GCC-RELEASE/project_hp/asdk/../../../../../component/common/application/amazon/amazon-freertos-202012.00/libraries/3rdparty/tinycbor/src/cborencoder_close_container_checked.o
   1477	      0	      0	   1477	    5c5	/home/leviton/lev-matter-ds2-v1.2/lev-matter/lev-matter-realtek/project/realtek_amebaD_va0_example/GCC-RELEASE/project_hp/asdk/../../../../../component/common/application/amazon/amazon-freertos-202012.00/libraries/3rdparty/tinycbor/src/cborerrorstrings.o
   3456	      0	      0	   3456	    d80	/home/leviton/lev-matter-ds2-v1.2/lev-matter/lev-matter-realtek/project/realtek_amebaD_va0_example/GCC-RELEASE/project_hp/asdk/../../../../../component/common/application/amazon/amazon-freertos-202012.00/libraries/3rdparty/tinycbor/src/cborparser.o
    417	      0	      0	    417	    1a1	/home/leviton/lev-matter-ds2-v1.2/lev-matter/lev-matter-realtek/project/realtek_amebaD_va0_example/GCC-RELEASE/project_hp/asdk/../../../../../component/common/application/amazon/amazon-freertos-202012.00/libraries/3rdparty/tinycbor/src/cborparser_dup_string.o
   2520	      0	      0	   2520	    9d8	/home/leviton/lev-matter-ds2-v1.2/lev-matter/lev-matter-realtek/project/realtek_amebaD_va0_example/GCC-RELEASE/project_hp/asdk/../../../../../component/common/application/amazon/amazon-freertos-202012.00/libraries/3rdparty/tinycbor/src/cborpretty.o
   2850	      0	      0	   2850	    b22	/home/leviton/lev-matter-ds2-v1.2/lev-matter/lev-matter-realtek/project/realtek_amebaD_va0_example/GCC-RELEASE/project_hp/asdk/../../../../../component/common/application/amazon/amazon-freertos-202012.00/libraries/3rdparty/tinycbor/src/cborvalidation.o
   5225	      0	    136	   5361	   14f1	/home/leviton/lev-matter-ds2-v1.2/lev-matter/lev-matter-realtek/project/realtek_amebaD_va0_example/GCC-RELEASE/project_hp/asdk/../../../../../component/common/application/amazon/amazon-freertos-202012.00/libraries/3rdparty/unity/src/unity.o
   1384	      4	     68	   1456	    5b0	/home/leviton/lev-matter-ds2-v1.2/lev-matter/lev-matter-realtek/project/realtek_amebaD_va0_example/GCC-RELEASE/project_hp/asdk/../../../../../component/common/application/amazon/amazon-freertos-202012.00/libraries/3rdparty/unity/extras/fixture/src/unity_fixture.o
    534	      0	      0	    534	    216	/home/leviton/lev-matter-ds2-v1.2/lev-matter/lev-matter-realtek/project/realtek_amebaD_va0_example/GCC-RELEASE/project_hp/asdk/../../../../../component/common/application/amazon/amazon-freertos-202012.00/libraries/abstractions/backoff_algorithm/source/backoff_algorithm.o
  24303	    276	   3016	  27595	   6bcb	/home/leviton/lev-matter-ds2-v1.2/lev-matter/lev-matter-realtek/project/realtek_amebaD_va0_example/GCC-RELEASE/project_hp/asdk/../../../../../component/common/application/amazon/amazon-freertos-202012.00/libraries/abstractions/pkcs11/corePKCS11/source/portable/mbedtls/core_pkcs11_mbedtls.o
    769	      0	      0	    769	    301	/home/leviton/lev-matter-ds2-v1.2/lev-matter/lev-matter-realtek/project/realtek_amebaD_va0_example/GCC-RELEASE/project_hp/asdk/../../../../../component/common/application/amazon/amazon-freertos-202012.00/libraries/abstractions/pkcs11/corePKCS11/source/core_pkcs11.o
    366	      0	      0	    366	    16e	/home/leviton/lev-matter-ds2-v1.2/lev-matter/lev-matter-realtek/project/realtek_amebaD_va0_example/GCC-RELEASE/project_hp/asdk/../../../../../component/common/application/amazon/amazon-freertos-202012.00/libraries/abstractions/pkcs11/corePKCS11/source/core_pki_utils.o
    480	      0	      0	    480	    1e0	/home/leviton/lev-matter-ds2-v1.2/lev-matter/lev-matter-realtek/project/realtek_amebaD_va0_example/GCC-RELEASE/project_hp/asdk/../../../../../component/common/application/amazon/amazon-freertos-202012.00/libraries/abstractions/platform/freertos/iot_clock_freertos.o
    352	      0	     96	    448	    1c0	/home/leviton/lev-matter-ds2-v1.2/lev-matter/lev-matter-realtek/project/realtek_amebaD_va0_example/GCC-RELEASE/project_hp/asdk/../../../../../component/common/application/amazon/amazon-freertos-202012.00/libraries/abstractions/platform/freertos/iot_metrics.o
   2129	      0	      0	   2129	    851	/home/leviton/lev-matter-ds2-v1.2/lev-matter/lev-matter-realtek/project/realtek_amebaD_va0_example/GCC-RELEASE/project_hp/asdk/../../../../../component/common/application/amazon/amazon-freertos-202012.00/libraries/abstractions/platform/freertos/iot_network_freertos.o
   1217	      0	      0	   1217	    4c1	/home/leviton/lev-matter-ds2-v1.2/lev-matter/lev-matter-realtek/project/realtek_amebaD_va0_example/GCC-RELEASE/project_hp/asdk/../../../../../component/common/application/amazon/amazon-freertos-202012.00/libraries/abstractions/platform/freertos/iot_threads_freertos.o
   3028	      0	      0	   3028	    bd4	/home/leviton/lev-matter-ds2-v1.2/lev-matter/lev-matter-realtek/project/realtek_amebaD_va0_example/GCC-RELEASE/project_hp/asdk/../../../../../component/common/application/amazon/amazon-freertos-202012.00/libraries/abstractions/transport/secure_sockets/transport_secure_sockets.o
   3905	      0	    368	   4273	   10b1	/home/leviton/lev-matter-ds2-v1.2/lev-matter/lev-matter-realtek/project/realtek_amebaD_va0_example/GCC-RELEASE/project_hp/asdk/../../../../../component/common/application/amazon/amazon-freertos-202012.00/libraries/c_sdk/standard/common/taskpool/iot_taskpool.o
      0	      0	      0	      0	      0	/home/leviton/lev-matter-ds2-v1.2/lev-matter/lev-matter-realtek/project/realtek_amebaD_va0_example/GCC-RELEASE/project_hp/asdk/../../../../../component/common/application/amazon/amazon-freertos-202012.00/libraries/c_sdk/standard/common/taskpool/iot_taskpool_static_memory.o
   1077	      0	    139	   1216	    4c0	/home/leviton/lev-matter-ds2-v1.2/lev-matter/lev-matter-realtek/project/realtek_amebaD_va0_example/GCC-RELEASE/project_hp/asdk/../../../../../component/common/application/amazon/amazon-freertos-202012.00/vendors/realtek/boards/amebaD/libraries/c_sdk/standard/common/iot_device_metrics.o
    224	      0	      0	    224	     e0	/home/leviton/lev-matter-ds2-v1.2/lev-matter/lev-matter-realtek/project/realtek_amebaD_va0_example/GCC-RELEASE/project_hp/asdk/../../../../../component/common/application/amazon/amazon-freertos-202012.00/libraries/c_sdk/standard/common/iot_init.o
      0	      0	      0	      0	      0	/home/leviton/lev-matter-ds2-v1.2/lev-matter/lev-matter-realtek/project/realtek_amebaD_va0_example/GCC-RELEASE/project_hp/asdk/../../../../../component/common/application/amazon/amazon-freertos-202012.00/libraries/c_sdk/standard/common/iot_static_memory_common.o
   1123	      4	      0	   1127	    467	/home/leviton/lev-matter-ds2-v1.2/lev-matter/lev-matter-realtek/project/realtek_amebaD_va0_example/GCC-RELEASE/project_hp/asdk/../../../../../component/common/application/amazon/amazon-freertos-202012.00/libraries/c_sdk/standard/mqtt/src/iot_mqtt_agent.o
   5853	   3480	     88	   9421	   24cd	/home/leviton/lev-matter-ds2-v1.2/lev-matter/lev-matter-realtek/project/realtek_amebaD_va0_example/GCC-RELEASE/project_hp/asdk/../../../../../component/common/application/amazon/amazon-freertos-202012.00/libraries/c_sdk/standard/mqtt/src/iot_mqtt_api.o
    104	      0	      0	    104	     68	/home/leviton/lev-matter-ds2-v1.2/lev-matter/lev-matter-realtek/project/realtek_amebaD_va0_example/GCC-RELEASE/project_hp/asdk/../../../../../component/common/application/amazon/amazon-freertos-202012.00/libraries/c_sdk/standard/mqtt/src/iot_mqtt_context_connection.o
    921	      0	      0	    921	    399	/home/leviton/lev-matter-ds2-v1.2/lev-matter/lev-matter-realtek/project/realtek_amebaD_va0_example/GCC-RELEASE/project_hp/asdk/../../../../../component/common/application/amazon/amazon-freertos-202012.00/libraries/c_sdk/standard/mqtt/src/iot_mqtt_managed_function_wrapper.o
    558	      0	      0	    558	    22e	/home/leviton/lev-matter-ds2-v1.2/lev-matter/lev-matter-realtek/project/realtek_amebaD_va0_example/GCC-RELEASE/project_hp/asdk/../../../../../component/common/application/amazon/amazon-freertos-202012.00/libraries/c_sdk/standard/mqtt/src/iot_mqtt_mutex_wrapper.o
   2651	      0	      0	   2651	    a5b	/home/leviton/lev-matter-ds2-v1.2/lev-matter/lev-matter-realtek/project/realtek_amebaD_va0_example/GCC-RELEASE/project_hp/asdk/../../../../../component/common/application/amazon/amazon-freertos-202012.00/libraries/c_sdk/standard/mqtt/src/iot_mqtt_network.o
   5160	      0	      0	   5160	   1428	/home/leviton/lev-matter-ds2-v1.2/lev-matter/lev-matter-realtek/project/realtek_amebaD_va0_example/GCC-RELEASE/project_hp/asdk/../../../../../component/common/application/amazon/amazon-freertos-202012.00/libraries/c_sdk/standard/mqtt/src/iot_mqtt_operation.o
    186	      4	      0	    190	     be	/home/leviton/lev-matter-ds2-v1.2/lev-matter/lev-matter-realtek/project/realtek_amebaD_va0_example/GCC-RELEASE/project_hp/asdk/../../../../../component/common/application/amazon/amazon-freertos-202012.00/libraries/c_sdk/standard/mqtt/src/iot_mqtt_publish_duplicates.o
   1557	      4	      0	   1561	    619	/home/leviton/lev-matter-ds2-v1.2/lev-matter/lev-matter-realtek/project/realtek_amebaD_va0_example/GCC-RELEASE/project_hp/asdk/../../../../../component/common/application/amazon/amazon-freertos-202012.00/libraries/c_sdk/standard/mqtt/src/iot_mqtt_serializer_deserializer_wrapper.o
      0	      0	      0	      0	      0	/home/leviton/lev-matter-ds2-v1.2/lev-matter/lev-matter-realtek/project/realtek_amebaD_va0_example/GCC-RELEASE/project_hp/asdk/../../../../../component/common/application/amazon/amazon-freertos-202012.00/libraries/c_sdk/standard/mqtt/src/iot_mqtt_static_memory.o
   1057	      0	      0	   1057	    421	/home/leviton/lev-matter-ds2-v1.2/lev-matter/lev-matter-realtek/project/realtek_amebaD_va0_example/GCC-RELEASE/project_hp/asdk/../../../../../component/common/application/amazon/amazon-freertos-202012.00/libraries/c_sdk/standard/mqtt/src/iot_mqtt_subscription.o
    444	      0	      0	    444	    1bc	/home/leviton/lev-matter-ds2-v1.2/lev-matter/lev-matter-realtek/project/realtek_amebaD_va0_example/GCC-RELEASE/project_hp/asdk/../../../../../component/common/application/amazon/amazon-freertos-202012.00/libraries/c_sdk/standard/mqtt/src/iot_mqtt_subscription_container.o
   2690	      0	      0	   2690	    a82	/home/leviton/lev-matter-ds2-v1.2/lev-matter/lev-matter-realtek/project/realtek_amebaD_va0_example/GCC-RELEASE/project_hp/asdk/../../../../../component/common/application/amazon/amazon-freertos-202012.00/libraries/c_sdk/standard/mqtt/src/iot_mqtt_validate.o
  15138	      4	      0	  15142	   3b26	/home/leviton/lev-matter-ds2-v1.2/lev-matter/lev-matter-realtek/project/realtek_amebaD_va0_example/GCC-RELEASE/project_hp/asdk/../../../../../component/common/application/amazon/amazon-freertos-202012.00/libraries/coreHTTP/source/dependency/3rdparty/http_parser/http_parser.o
  12561	      0	      0	  12561	   3111	/home/leviton/lev-matter-ds2-v1.2/lev-matter/lev-matter-realtek/project/realtek_amebaD_va0_example/GCC-RELEASE/project_hp/asdk/../../../../../component/common/application/amazon/amazon-freertos-202012.00/libraries/coreHTTP/source/core_http_client.o
   3217	      0	      0	   3217	    c91	/home/leviton/lev-matter-ds2-v1.2/lev-matter/lev-matter-realtek/project/realtek_amebaD_va0_example/GCC-RELEASE/project_hp/asdk/../../../../../component/common/application/amazon/amazon-freertos-202012.00/libraries/coreJSON/source/core_json.o
   9928	      0	      0	   9928	   26c8	/home/leviton/lev-matter-ds2-v1.2/lev-matter/lev-matter-realtek/project/realtek_amebaD_va0_example/GCC-RELEASE/project_hp/asdk/../../../../../component/common/application/amazon/amazon-freertos-202012.00/libraries/coreMQTT/source/core_mqtt.o
   8724	      0	      0	   8724	   2214	/home/leviton/lev-matter-ds2-v1.2/lev-matter/lev-matter-realtek/project/realtek_amebaD_va0_example/GCC-RELEASE/project_hp/asdk/../../../../../component/common/application/amazon/amazon-freertos-202012.00/libraries/coreMQTT/source/core_mqtt_serializer.o
   2535	      0	      0	   2535	    9e7	/home/leviton/lev-matter-ds2-v1.2/lev-matter/lev-matter-realtek/project/realtek_amebaD_va0_example/GCC-RELEASE/project_hp/asdk/../../../../../component/common/application/amazon/amazon-freertos-202012.00/libraries/coreMQTT/source/core_mqtt_state.o
   1368	      0	      0	   1368	    558	/home/leviton/lev-matter-ds2-v1.2/lev-matter/lev-matter-realtek/project/realtek_amebaD_va0_example/GCC-RELEASE/project_hp/asdk/../../../../../component/common/application/amazon/amazon-freertos-202012.00/libraries/device_shadow_for_aws/source/shadow.o
  11890	    240	  10576	  22706	   58b2	/home/leviton/lev-matter-ds2-v1.2/lev-matter/lev-matter-realtek/project/realtek_amebaD_va0_example/GCC-RELEASE/project_hp/asdk/../../../../../component/common/application/amazon/amazon-freertos-202012.00/libraries/freertos_plus/aws/ota/src/aws_iot_ota_agent.o
    976	      0	      0	    976	    3d0	/home/leviton/lev-matter-ds2-v1.2/lev-matter/lev-matter-realtek/project/realtek_amebaD_va0_example/GCC-RELEASE/project_hp/asdk/../../../../../component/common/application/amazon/amazon-freertos-202012.00/libraries/freertos_plus/aws/ota/src/mqtt/aws_iot_ota_cbor.o
    167	      0	      0	    167	     a7	/home/leviton/lev-matter-ds2-v1.2/lev-matter/lev-matter-realtek/project/realtek_amebaD_va0_example/GCC-RELEASE/project_hp/asdk/../../../../../component/common/application/amazon/amazon-freertos-202012.00/libraries/freertos_plus/aws/ota/src/aws_iot_ota_interface.o
   2993	     44	      4	   3041	    be1	/home/leviton/lev-matter-ds2-v1.2/lev-matter/lev-matter-realtek/project/realtek_amebaD_va0_example/GCC-RELEASE/project_hp/asdk/../../../../../component/common/application/amazon/amazon-freertos-202012.00/libraries/freertos_plus/aws/ota/src/mqtt/aws_iot_ota_mqtt.o
    571	      0	      0	    571	    23b	/home/leviton/lev-matter-ds2-v1.2/lev-matter/lev-matter-realtek/project/realtek_amebaD_va0_example/GCC-RELEASE/project_hp/asdk/../../../../../component/common/application/amazon/amazon-freertos-202012.00/vendors/realtek/boards/amebaD/libraries/freertos_plus/standard/crypto/src/iot_crypto.o
   7034	      0	      0	   7034	   1b7a	/home/leviton/lev-matter-ds2-v1.2/lev-matter/lev-matter-realtek/project/realtek_amebaD_va0_example/GCC-RELEASE/project_hp/asdk/../../../../../component/common/application/amazon/amazon-freertos-202012.00/libraries/freertos_plus/standard/tls/src/iot_tls.o
     18	      0	      0	     18	     12	/home/leviton/lev-matter-ds2-v1.2/lev-matter/lev-matter-realtek/project/realtek_amebaD_va0_example/GCC-RELEASE/project_hp/asdk/../../../../../component/common/application/amazon/amazon-freertos-202012.00/vendors/realtek/boards/amebaD/libraries/freertos_plus/standard/utils/src/iot_system_init.o
    485	      0	      0	    485	    1e5	/home/leviton/lev-matter-ds2-v1.2/lev-matter/lev-matter-realtek/project/realtek_amebaD_va0_example/GCC-RELEASE/project_hp/asdk/../../../../../component/common/application/amazon/amazon-freertos-202012.00/libraries/logging/iot_logging.o
    810	      0	      8	    818	    332	/home/leviton/lev-matter-ds2-v1.2/lev-matter/lev-matter-realtek/project/realtek_amebaD_va0_example/GCC-RELEASE/project_hp/asdk/../../../../../component/common/application/amazon/amazon-freertos-202012.00/libraries/logging/iot_logging_task_dynamic_buffers.o
     78	      0	      0	     78	     4e	/home/leviton/lev-matter-ds2-v1.2/lev-matter/lev-matter-realtek/project/realtek_amebaD_va0_example/GCC-RELEASE/project_hp/asdk/../../../../../component/common/application/amazon/amazon-freertos-202012.00/vendors/realtek/boards/amebaD/ports/ota/aws_ota_pal.o
   4297	      5	     98	   4400	   1130	/home/leviton/lev-matter-ds2-v1.2/lev-matter/lev-matter-realtek/project/realtek_amebaD_va0_example/GCC-RELEASE/project_hp/asdk/../../../../../component/common/application/amazon/amazon-freertos-202012.00/vendors/realtek/boards/amebaD/ports/ota/aws_ota_rtl8721d.o
    623	      0	      0	    623	    26f	/home/leviton/lev-matter-ds2-v1.2/lev-matter/lev-matter-realtek/project/realtek_amebaD_va0_example/GCC-RELEASE/project_hp/asdk/../../../../../component/common/application/amazon/amazon-freertos-202012.00/vendors/realtek/boards/amebaD/ports/pkcs11/core_pkcs11_pal.o
   1511	      1	      0	   1512	    5e8	/home/leviton/lev-matter-ds2-v1.2/lev-matter/lev-matter-realtek/project/realtek_amebaD_va0_example/GCC-RELEASE/project_hp/asdk/../../../../../component/common/application/amazon/amazon-freertos-202012.00/vendors/realtek/boards/amebaD/ports/secure_sockets/iot_secure_sockets.o
   1453	      0	     20	   1473	    5c1	/home/leviton/lev-matter-ds2-v1.2/lev-matter/lev-matter-realtek/project/realtek_amebaD_va0_example/GCC-RELEASE/project_hp/asdk/../../../../../component/common/application/amazon/amazon-freertos-202012.00/vendors/realtek/boards/amebaD/ports/wifi/iot_wifi.o
 204650	   4146	  17273	 226069	  37315	(TOTALS)
